                                                                                                    java.lang.IllegalStateException: No context when service is unavailable
                                                                                                    	at jzl.aa(PG:5)
                                                                                                    	at jzn.aa(PG:3)
                                                                                                    	at ixj.c(PG:268)
                                                                                                    	at ixh.a(PG:5)
                                                                                                    	at nco.c(PG:2)
                                                                                                    	at nco.ir(PG:3)
                                                                                                    	at kpb.run(PG:176)
                                                                                                    	at qpr.execute(PG:1)
                                                                                                    	at ldj.b(PG:14)
                                                                                                    	at ldm.m(PG:95)
                                                                                                    	at ldm.l(PG:33)
                                                                                                    	at ncp.l(PG:27)
                                                                                                    	at kas.a(PG:247)
                                                                                                    	at kab.onCreate(PG:188)
                                                                                                    	at android.app.ActivityThread.handleCreateService(ActivityThread.java:4860)
                                                                                                    	at android.app.ActivityThread.-$$Nest$mhandleCreateService(Unknown Source:0)
                                                                                                    	at android.app.ActivityThread$H.handleMessage(ActivityThread.java:2394)
                                                                                                    	at android.os.Handler.dispatchMessage(Handler.java:106)
                                                                                                    	at android.os.Looper.loopOnce(Looper.java:205)
                                                                                                    	at android.os.Looper.loop(Looper.java:294)
                                                                                                    	at android.app.ActivityThread.main(ActivityThread.java:8500)
                                                                                                    	at java.lang.reflect.Method.invoke(Native Method)
                                                                                                    	at com.android.internal.os.RuntimeInit$MethodAndArgsCaller.run(RuntimeInit.java:640)
                                                                                                    	at com.android.internal.os.ZygoteInit.main(ZygoteInit.java:1026)
2026-06-03 11:17:42.284 27861-27861 DeviceModeModule        com...gle.android.inputmethod.latin  I  DeviceModeModule.calculateAndNotify():237 Device mode 'phone' from display metrics 'DisplayMetrics{density=0.0, width=720, height=1612, scaledDensity=0.0, xdpi=268.941, ydpi=269.373}' or smallestScreenWidthDp: 424
2026-06-03 11:17:42.285 27861-27861 WindowMetr...tification com...gle.android.inputmethod.latin  I  WindowMetricsNotification.notify():159 ncp[bounds=Rect(0, 80 - 720, 1612), insets=Rect(0, 0 - 0, 0), densityDpi=272, smallestScreenWidthDp=424, displayWidth=720, displayHeight=1612, xdpi=268.941, ydpi=269.373, isTrustable=true, displayId=0]; DisplayMetrics{density=1.7, width=720, height=1612, scaledDensity=1.7, xdpi=268.941, ydpi=269.373}
2026-06-03 11:17:42.285 27861-27861 WindowMetricsHelper     com...gle.android.inputmethod.latin  I  WindowMetricsHelper.predictAndNotify():145 Window metrics predicted.
2026-06-03 11:17:42.302 27861-27924 Compatibil...geReporter com...gle.android.inputmethod.latin  D  Compat change id reported: 160794467; UID 10137; state: ENABLED
2026-06-03 11:17:42.304 27861-27861 InputMethodEntryManager com...gle.android.inputmethod.latin  I  InputMethodEntryManager.notifyCurrentInputMethodEntryOnContextChanged():557 notifyCurrentInputMethodEntryOnContextChanged()
2026-06-03 11:17:42.305 27861-27861 KeyboardContextProvider com...gle.android.inputmethod.latin  I  KeyboardContextProvider.setBaseContextAndInvalidKeyboardContextCache():88 setBaseContextAndInvalidKeyboardContextCache(): com.android.inputmethod.latin.LatinIME@97b502b
2026-06-03 11:17:42.319 12050-32097 GetConfigSnapshotOp     com.google.android.gms.persistent    I  (REDACTED) Succeeded but not registered: %s
2026-06-03 11:17:42.331 27861-27924 Compatibil...geReporter com...gle.android.inputmethod.latin  D  Compat change id reported: 194532703; UID 10137; state: ENABLED
2026-06-03 11:17:42.333 27861-27924 Compatibil...geReporter com...gle.android.inputmethod.latin  D  Compat change id reported: 253665015; UID 10137; state: ENABLED
2026-06-03 11:17:42.335  1082-3948  Compatibil...geReporter system_server                        D  Compat change id reported: 253665015; UID 10137; state: ENABLED
2026-06-03 11:17:42.336 27861-27861 GoogleInpu...hodService com...gle.android.inputmethod.latin  E  GoogleInputMethodService.getAppEditorInfo():2023 App EditorInfo should never be null.
2026-06-03 11:17:42.341  1082-3948  Compatibil...geReporter system_server                        D  Compat change id reported: 194532703; UID 10137; state: ENABLED
2026-06-03 11:17:42.337 27471-27471 Lacrima_startup         com.instagram.android                W  type=1400 audit(0.0:99527): avc:  granted  { execute } for  path="/data/data/com.instagram.android/lib-compressed/libcoremerged.so" dev="dm-62" ino=737281 scontext=u:r:untrusted_app:s0:c212,c256,c512,c768 tcontext=u:object_r:app_data_file:s0:c212,c256,c512,c768 tclass=file app=com.instagram.android
2026-06-03 11:17:42.374 13888-13888 SysUI(2603...oxyService com.android.systemui                 I   isEnabled mIsEnabled false mIsFoldExpanded true
2026-06-03 11:17:42.406  1082-1097  system_server           system_server                        I  Background concurrent mark compact GC freed 15MB AllocSpace bytes, 45(1072KB) LOS objects, 24% free, 74MB/98MB, paused 22.965ms,24.576ms total 3.409s
2026-06-03 11:17:42.414  1082-1098  JavaBinder              system_server                        W  BinderProxy is being destroyed but the application did not call unlinkToDeath to unlink all of its death recipients beforehand.  Releasing leaked death recipient: com.android.server.art.ArtdRefCache$CacheDeathRecipient
2026-06-03 11:17:42.415  1082-1098  BpBinder                system_server                        I  onLastStrongRef automatically unlinking death recipients: 
2026-06-03 11:17:42.430 27861-27861 KeyboardThemeProvider   com...gle.android.inputmethod.latin  I  KeyboardThemeProvider.applyKeyboardTheme():27 Apply keyboard theme: theme,!gsf,!pgsans,!pgsf,!use_system_font,BORDER,DYNAMIC_DARK_BRIGHT_KEY,FLAVOR_DPI=XHDPI,KEYBOARD_WIDTH_CATEGORY=NORMAL,KEY_BORDER_SHAPE=1,LIGHT_THEME=false,PHYSICAL_DIAGONAL=6.2233686,POPUP,SCREEN_SHORTEST_WIDTH=424,SCREEN_SHORTEST_WIDTH_NO_SCALE=424,SW400DP,XHDPI,bottom4dp,bright_key_on_dynamic_color_dark_theme=true,enable_popup_on_keypress=true,keyboard_redesign_google_sans=true,non_linear_scale,noshadow,overlay_builtin_dynamic_color_dark_base.binarypb:gm3-dark-ff111318-ffa6c8ff-af1859fce6ffc003c42fdda7d0707c81,silkpopup
2026-06-03 11:17:42.430 27861-27861 PhenotypeModule         com...gle.android.inputmethod.latin  I  PhenotypeModule.onCreate():168 onCreate()
2026-06-03 11:17:42.431 27861-27861 PhenotypeModule         com...gle.android.inputmethod.latin  I  PhenotypeModule.maybeFetchAndUpdate():264 maybeFetchAndUpdate: start new task to fetch
2026-06-03 11:17:42.432  1082-1411  CompetitionModeConfig   system_server                        D  sys.apm.competition_mode_config is not support!
2026-06-03 11:17:42.434 27861-27861 AccessPointOrderHelper  com...gle.android.inputmethod.latin  I  AccessPointOrderHelper.updateCurrentDeviceMode():101 Disable foldable separate customization
2026-06-03 11:17:42.444 27697-28008 FA                      com.transsion.plat.appupdate         I  App measurement is starting up, version: 13001
2026-06-03 11:17:42.444 27697-28008 FA                      com.transsion.plat.appupdate         I  To enable debug logging run: adb shell setprop log.tag.FA VERBOSE
2026-06-03 11:17:42.445 27697-28008 FA                      com.transsion.plat.appupdate         I  To enable faster debug mode event logging run:
                                                                                                      adb shell setprop debug.firebase.analytics.app com.transsion.plat.appupdate
2026-06-03 11:17:42.449  1082-1099  system_server           system_server                        W  ApkAssets: Deleting an ApkAssets object '<empty> and /data/app/~~XxmBhp_Yl7AoQI2lnMk-aQ==/com.transsion.hilauncher-9Y6-womO09v-0CX2G22FJw==/base.apk' with 1 weak references
2026-06-03 11:17:42.450 27210-27244 ndroid.voltflow         com.android.voltflow                 I  Background young concurrent mark compact GC freed 5910KB AllocSpace bytes, 17(676KB) LOS objects, 35% free, 11MB/17MB, paused 3.340ms,6.052ms total 175.667ms
2026-06-03 11:17:42.451  1082-1099  System                  system_server                        W  A resource failed to call close. 
2026-06-03 11:17:42.469  1082-1814  Compatibil...geReporter system_server                        D  Compat change id reported: 271850009; UID 10137; state: ENABLED
2026-06-03 11:17:42.469 27861-27861 NotificationCenter      com...gle.android.inputmethod.latin  W  NotificationCenter.unregisterListener():480 Listener hue@67de97 was not registered for notification class hub
2026-06-03 11:17:42.469 27861-27861 NotificationCenter      com...gle.android.inputmethod.latin  W  NotificationCenter.unregisterListener():480 Listener hue@3eb386d was not registered for notification class huf
2026-06-03 11:17:42.469 27861-27861 NotificationCenter      com...gle.android.inputmethod.latin  W  NotificationCenter.unregisterListener():480 Listener huc@e41cd33 was not registered for notification class hud
2026-06-03 11:17:42.470 27861-27861 HardKeyTracker          com...gle.android.inputmethod.latin  I  HardKeyTracker.registerKeySequence():201 Register key sequence lqi{labelResId=0, callback=gbf@ad816dd, lastModifier=0, keyCodes=[204], actions=[0]}
2026-06-03 11:17:42.470 27861-27861 HardKeyTracker          com...gle.android.inputmethod.latin  I  HardKeyTracker.registerKeySequence():201 Register key sequence lqi{labelResId=2132020407, callback=bjv@e74252, lastModifier=2, keyCodes=[47], actions=[0]}
2026-06-03 11:17:42.471 27861-27861 NotificationCenter      com...gle.android.inputmethod.latin  W  NotificationCenter$NotificationQueue.notifyPendingNotificationsOnExecutor():877 Heavy notify work detected on UI thread: [kbq->ldb, kbq->ldb, kbq->ldb, kbq->ldb, kbq->ldc, kbq->ldb, kyo->kyn, kyo->kyn, kyo->kyn, kyo->kyn, kyo->kyn, kyo->kyn, kyo->kyn, kyo->kyn, kyo->kyn, kyo->kyn, kyo->kyn, kyo->kyn, kyo->kyn, kyo->kyn, kyo->kyn, kyo->kyn, kyo->kyn, kyo->kyn, kyo->kyn, kyo->kyn, kyo->kyn, kyo->kyn, kyo->kyn, kyo->kyn, kyo->kyn, kyo->kyn, kyo->kyn, kyo->kyn, kyo->kyn, kyo->kyn, kyo->kyn, kyo->kyn, kyo->kyn] takes 40ms
2026-06-03 11:17:42.473 27861-27950 NetworkInfoNotification com...gle.android.inputmethod.latin  I  NetworkInfoNotification$Listener.onReceive():107 onNetworkAvailable: networkState = NON_METERED, isAirplaneModeOn = false
2026-06-03 11:17:42.473 27861-27861 UniversalD...nExtension com...gle.android.inputmethod.latin  I  UniversalDictationExtension.onCreateExtension():66 onCreate [UD]
2026-06-03 11:17:42.474 27861-27955 NewS3RecognizerModule   com...gle.android.inputmethod.latin  I  NewS3RecognizerModule.onCreate():21 onCreate [news3]
2026-06-03 11:17:42.474 27861-27920 KeyboardGroupDefParser  com...gle.android.inputmethod.latin  I  KeyboardGroupDefParser.parseKeyboardGroupDef():73 parseKeyboardGroupDef() 2132213760 -> 0_resource_name_obfuscated : WaitTime = 2 ms : RunTime = 4 ms
2026-06-03 11:17:42.476 27861-27951 JapaneseMozcExtension   com...gle.android.inputmethod.latin  I  JapaneseMozcExtension.onCreate():44 
2026-06-03 11:17:42.483 27861-27953 SP                      com...gle.android.inputmethod.latin  I  Registering emoticon_content_description.2022081613, url: https://www.gstatic.com/android/keyboard/emoticon_content_desc/202208161305/superpacks_manifest.json, constraints: W:*:*:*, flags: bg, requested: 2022081613, current: 2022081613
2026-06-03 11:17:42.493 27861-27861 InputMethodEntryManager com...gle.android.inputmethod.latin  I  InputMethodEntryManager.startLoadingInputMethodEntrySettings():748 Start loading input method entry settings: [LanguageTagVariantTuple{languageTag=en-US, variant=qwerty}, LanguageTagVariantTuple{languageTag=lg-UG, variant=luganda}, LanguageTagVariantTuple{languageTag=lg-UG, variant=qwerty}, LanguageTagVariantTuple{languageTag=de-DE, variant=qwerty}]
2026-06-03 11:17:42.499 27861-27953 SP                      com...gle.android.inputmethod.latin  I  Registering emoticon_content_description.2022081613, url: https://www.gstatic.com/android/keyboard/emoticon_content_desc/202208161305/superpacks_manifest.json, constraints: W:*:*:*, flags: bg, requested: 2022081613, current: 2022081613
2026-06-03 11:17:42.500 27861-27953 SuperpacksManagerImpl   com...gle.android.inputmethod.latin  I  SuperpacksManagerImpl$3$1.onSuccess():552 emoticon_content_description.registerManifest() succeeded
2026-06-03 11:17:42.500 27861-27953 SuperpacksManagerImpl   com...gle.android.inputmethod.latin  I  SuperpacksManagerImpl$3$1.onSuccess():552 emoticon_content_description.registerManifest() succeeded
2026-06-03 11:17:42.508 27861-27953 SP                      com...gle.android.inputmethod.latin  I  Syncing emoticon_content_description (2022081613) with slices: [7a635888cb828dfa2fc744b7b9b50f04, 1c661f5c7fb2b8a396a302d79ea74d30], metadata: false
2026-06-03 11:17:42.517   314-314   lowmemorykiller         lmkd                                 I  TranMemoryInfo: vmstat time slice: 1075
2026-06-03 11:17:42.517   314-314   lowmemorykiller         lmkd                                 I  TranMemoryInfo: PSI stat: 11, 35.98, 16.73, 18.40, 9.87
2026-06-03 11:17:42.517   314-314   lowmemorykiller         lmkd                                 I  TranMemoryInfo: vmstat: 16833, 200, 23632, 14, 1318731
2026-06-03 11:17:42.517   314-314   lowmemorykiller         lmkd                                 D  TranMemoryInfo: kswapd pgscan_kswapd 1181122763 to 1181167809, pgsteal_kswapd 630669752 to 630693384, stime 1318674 to 1318731.
2026-06-03 11:17:42.517   314-314   lowmemorykiller         lmkd                                 I  TranMemoryInfo: kswapd has been run.
2026-06-03 11:17:42.517   314-314   lowmemorykiller         lmkd                                 I  TranMemoryInfo: kswapd reclaim amount : 23632 pages.
2026-06-03 11:17:42.517   314-314   lowmemorykiller         lmkd                                 I  TranMemoryInfo: kswapd reclaim efficiency : 165 KB/ms.
2026-06-03 11:17:42.532 27861-27953 SP                      com...gle.android.inputmethod.latin  I  Syncing emoticon_content_description (2022081613) with slices: [7a635888cb828dfa2fc744b7b9b50f04, 1c661f5c7fb2b8a396a302d79ea74d30], metadata: false
2026-06-03 11:17:42.543 27861-27861 InputMethodEntryManager com...gle.android.inputmethod.latin  I  InputMethodEntryManager.updateInputMethodEntrySettingsLoadingTask():878 update loading task with resetImplicitlyEnabledEntries is false
2026-06-03 11:17:42.563 27861-27861 NotificationCenter      com...gle.android.inputmethod.latin  W  NotificationCenter$NotificationQueue.notifyPendingNotificationsOnExecutor():877 Heavy notify work detected on UI thread: [kyo->kyn, kyo->kyn, kyo->kyn, kyo->kyn, kyo->kyn, kyo->kyn, kyo->kyn, kyo->kyn, kyo->kyn, jwv->ldb] takes 70ms
2026-06-03 11:17:42.563 27861-27861 MetricsPro...derManager com...gle.android.inputmethod.latin  I  MetricsProcessorProviderManager.onClearcutAdapterReady():117 onClearcutAdapterReady
2026-06-03 11:17:42.564 27861-27861 MetricsPro...derManager com...gle.android.inputmethod.latin  I  MetricsProcessorProviderManager.notifyBackendReady():200 MetricsManager backend is ready.
2026-06-03 11:17:42.564 27861-27861 PhenotypeModule         com...gle.android.inputmethod.latin  I  PhenotypeModule$2.onDeviceModeChanged():202 onDeviceModeChanged(): phone
2026-06-03 11:17:42.564 27861-27861 MetricsManager          com...gle.android.inputmethod.latin  I  MetricsManager.maybeStopCaching():478 Stop caching metrics.
2026-06-03 11:17:42.564 27861-27861 InputMethodEntryManager com...gle.android.inputmethod.latin  I  InputMethodEntryManager.resetLanguages():2804 resetLanguages(): languages={ja-JP}, conditionName=ja_enable_12keys_longpress_delay
2026-06-03 11:17:42.564 27861-27861 ImeDefCache             com...gle.android.inputmethod.latin  I  ImeDefCache.clearCacheForLanguages():430 clearCacheForLanguages: languagesToClear={ja-JP}, conditionName=ja_enable_12keys_longpress_delay
2026-06-03 11:17:42.564 27861-27861 AdditionalImeDefCache   com...gle.android.inputmethod.latin  I  AdditionalImeDefCache.clearAdditionalImeDefsForCondition():283 clearAdditionalImeDefsForCondition() clear tasks: []
2026-06-03 11:17:42.564 27861-27861 AdditionalImeDefCache   com...gle.android.inputmethod.latin  I  AdditionalImeDefCache.clearAdditionalImeDefsForCondition():303 clearAdditionalImeDefsForCondition() clear additional ImeDefs: []
2026-06-03 11:17:42.564 27861-27861 InputMethodEntryManager com...gle.android.inputmethod.latin  I  InputMethodEntryManager.resetLanguages():2815 Clear cache for languages: {ja-JP}, changed=false
2026-06-03 11:17:42.574 27861-27861 InputMethodEntryManager com...gle.android.inputmethod.latin  I  InputMethodEntryManager$4.onFailure():930 Fail load entries [LanguageTagVariantTuple{languageTag=en-US, variant=qwerty}, LanguageTagVariantTuple{languageTag=lg-UG, variant=luganda}, LanguageTagVariantTuple{languageTag=lg-UG, variant=qwerty}, LanguageTagVariantTuple{languageTag=de-DE, variant=qwerty}]
2026-06-03 11:17:42.574 27861-27861 InputMethodEntryManager com...gle.android.inputmethod.latin  I  InputMethodEntryManager.startLoadingInputMethodEntrySettings():748 Start loading input method entry settings: [LanguageTagVariantTuple{languageTag=en-US, variant=qwerty}, LanguageTagVariantTuple{languageTag=lg-UG, variant=luganda}, LanguageTagVariantTuple{languageTag=lg-UG, variant=qwerty}, LanguageTagVariantTuple{languageTag=de-DE, variant=qwerty}]
2026-06-03 11:17:42.575 27861-27949 DeviceStatusMonitor     com...gle.android.inputmethod.latin  I  DeviceStatusMonitor.handleBroadcast():135 onReceive() : Action = android.net.conn.CONNECTIVITY_CHANGE
2026-06-03 11:17:42.575 27471-27562 nativeloader            com.instagram.android                D  Load /data/data/com.instagram.android/lib-compressed/libcoremerged.so using class loader ns clns-6 (caller=/data/app/~~XtVSZj3KwO9kKc7cmoMuqg==/com.instagram.android-AiLGafk54lrXNIT0qa2u7Q==/base.apk!classes3.dex): ok
2026-06-03 11:17:42.582 27861-27861 InputMethodEntryManager com...gle.android.inputmethod.latin  I  InputMethodEntryManager.updateInputMethodEntrySettingsLoadingTask():878 update loading task with resetImplicitlyEnabledEntries is false
2026-06-03 11:17:42.582 27861-27861 InputMethodEntryManager com...gle.android.inputmethod.latin  I  InputMethodEntryManager.resetLanguages():2804 resetLanguages(): languages={zh-CN, zh-HK}, conditionName=enable_chinese_9key_foldable_split
2026-06-03 11:17:42.582 27471-27669 AppInitScheduler|Run    com.instagram.android                W    Finished IgFixieEarlyInitializer in 7395ms
2026-06-03 11:17:42.582 27861-27861 ImeDefCache             com...gle.android.inputmethod.latin  I  ImeDefCache.clearCacheForLanguages():430 clearCacheForLanguages: languagesToClear={zh-CN, zh-HK}, conditionName=enable_chinese_9key_foldable_split
2026-06-03 11:17:42.582 27471-27669 AppInitSch...r|Schedule com.instagram.android                W    Executing 5:SessionInitializer
2026-06-03 11:17:42.582 27861-27861 AdditionalImeDefCache   com...gle.android.inputmethod.latin  I  AdditionalImeDefCache.clearAdditionalImeDefsForCondition():283 clearAdditionalImeDefsForCondition() clear tasks: []
2026-06-03 11:17:42.582 27861-27861 AdditionalImeDefCache   com...gle.android.inputmethod.latin  I  AdditionalImeDefCache.clearAdditionalImeDefsForCondition():303 clearAdditionalImeDefsForCondition() clear additional ImeDefs: []
2026-06-03 11:17:42.582 27861-27861 InputMethodEntryManager com...gle.android.inputmethod.latin  I  InputMethodEntryManager.resetLanguages():2815 Clear cache for languages: {zh-CN, zh-HK}, changed=false
2026-06-03 11:17:42.583 27861-27861 InputMethodEntryManager com...gle.android.inputmethod.latin  I  InputMethodEntryManager$4.onFailure():930 Fail load entries [LanguageTagVariantTuple{languageTag=en-US, variant=qwerty}, LanguageTagVariantTuple{languageTag=lg-UG, variant=luganda}, LanguageTagVariantTuple{languageTag=lg-UG, variant=qwerty}, LanguageTagVariantTuple{languageTag=de-DE, variant=qwerty}]
2026-06-03 11:17:42.583 27861-27861 InputMethodEntryManager com...gle.android.inputmethod.latin  I  InputMethodEntryManager.startLoadingInputMethodEntrySettings():748 Start loading input method entry settings: [LanguageTagVariantTuple{languageTag=en-US, variant=qwerty}, LanguageTagVariantTuple{languageTag=lg-UG, variant=luganda}, LanguageTagVariantTuple{languageTag=lg-UG, variant=qwerty}, LanguageTagVariantTuple{languageTag=de-DE, variant=qwerty}]
2026-06-03 11:17:42.583 27471-27662 AppInitScheduler|Run    com.instagram.android                W    Finished EarlyCpuBoostInitializer in 7417ms
2026-06-03 11:17:42.583 27471-27662 AppInitSch...r|Schedule com.instagram.android                W    Executing 2:DnsInitializer
2026-06-03 11:17:42.586 27861-27861 InputMethodEntryManager com...gle.android.inputmethod.latin  I  InputMethodEntryManager.updateInputMethodEntrySettingsLoadingTask():878 update loading task with resetImplicitlyEnabledEntries is false
2026-06-03 11:17:42.586 27861-27861 InputMethodEntryManager com...gle.android.inputmethod.latin  I  InputMethodEntryManager.resetLanguages():2804 resetLanguages(): languages={ko-KR}, conditionName=enable_voice_in_korean
2026-06-03 11:17:42.586 27861-27861 ImeDefCache             com...gle.android.inputmethod.latin  I  ImeDefCache.clearCacheForLanguages():430 clearCacheForLanguages: languagesToClear={ko-KR}, conditionName=enable_voice_in_korean
2026-06-03 11:17:42.586 27861-27861 AdditionalImeDefCache   com...gle.android.inputmethod.latin  I  AdditionalImeDefCache.clearAdditionalImeDefsForCondition():283 clearAdditionalImeDefsForCondition() clear tasks: []
2026-06-03 11:17:42.586 27861-27861 AdditionalImeDefCache   com...gle.android.inputmethod.latin  I  AdditionalImeDefCache.clearAdditionalImeDefsForCondition():303 clearAdditionalImeDefsForCondition() clear additional ImeDefs: []
2026-06-03 11:17:42.586 27861-27861 InputMethodEntryManager com...gle.android.inputmethod.latin  I  InputMethodEntryManager.resetLanguages():2815 Clear cache for languages: {ko-KR}, changed=false
2026-06-03 11:17:42.587 27861-27861 InputMethodEntryManager com...gle.android.inputmethod.latin  I  InputMethodEntryManager$4.onFailure():930 Fail load entries [LanguageTagVariantTuple{languageTag=en-US, variant=qwerty}, LanguageTagVariantTuple{languageTag=lg-UG, variant=luganda}, LanguageTagVariantTuple{languageTag=lg-UG, variant=qwerty}, LanguageTagVariantTuple{languageTag=de-DE, variant=qwerty}]
2026-06-03 11:17:42.588 27861-27861 InputMethodEntryManager com...gle.android.inputmethod.latin  I  InputMethodEntryManager.startLoadingInputMethodEntrySettings():748 Start loading input method entry settings: [LanguageTagVariantTuple{languageTag=en-US, variant=qwerty}, LanguageTagVariantTuple{languageTag=lg-UG, variant=luganda}, LanguageTagVariantTuple{languageTag=lg-UG, variant=qwerty}, LanguageTagVariantTuple{languageTag=de-DE, variant=qwerty}]
2026-06-03 11:17:42.588 27471-28025 AppInitScheduler|Run    com.instagram.android                W  Running SessionInitializer, order=7, priorityHint=null 
2026-06-03 11:17:42.590 27861-27861 InputMethodEntryManager com...gle.android.inputmethod.latin  I  InputMethodEntryManager.updateInputMethodEntrySettingsLoadingTask():878 update loading task with resetImplicitlyEnabledEntries is false
2026-06-03 11:17:42.591 27861-27861 InputMethodEntryManager com...gle.android.inputmethod.latin  I  InputMethodEntryManager.resetLanguages():2804 resetLanguages(): languages={zh-CN, zh-HK, zh-TW}, conditionName=enable_voice_in_chinese
2026-06-03 11:17:42.591 27861-27861 ImeDefCache             com...gle.android.inputmethod.latin  I  ImeDefCache.clearCacheForLanguages():430 clearCacheForLanguages: languagesToClear={zh-CN, zh-HK, zh-TW}, conditionName=enable_voice_in_chinese
2026-06-03 11:17:42.591 27861-27861 AdditionalImeDefCache   com...gle.android.inputmethod.latin  I  AdditionalImeDefCache.clearAdditionalImeDefsForCondition():283 clearAdditionalImeDefsForCondition() clear tasks: []
2026-06-03 11:17:42.591 27861-27861 AdditionalImeDefCache   com...gle.android.inputmethod.latin  I  AdditionalImeDefCache.clearAdditionalImeDefsForCondition():303 clearAdditionalImeDefsForCondition() clear additional ImeDefs: []
2026-06-03 11:17:42.591 27861-27861 InputMethodEntryManager com...gle.android.inputmethod.latin  I  InputMethodEntryManager.resetLanguages():2815 Clear cache for languages: {zh-CN, zh-HK, zh-TW}, changed=false
2026-06-03 11:17:42.592 27861-27861 InputMethodEntryManager com...gle.android.inputmethod.latin  I  InputMethodEntryManager$4.onFailure():930 Fail load entries [LanguageTagVariantTuple{languageTag=en-US, variant=qwerty}, LanguageTagVariantTuple{languageTag=lg-UG, variant=luganda}, LanguageTagVariantTuple{languageTag=lg-UG, variant=qwerty}, LanguageTagVariantTuple{languageTag=de-DE, variant=qwerty}]
2026-06-03 11:17:42.592 27861-27861 InputMethodEntryManager com...gle.android.inputmethod.latin  I  InputMethodEntryManager.startLoadingInputMethodEntrySettings():748 Start loading input method entry settings: [LanguageTagVariantTuple{languageTag=en-US, variant=qwerty}, LanguageTagVariantTuple{languageTag=lg-UG, variant=luganda}, LanguageTagVariantTuple{languageTag=lg-UG, variant=qwerty}, LanguageTagVariantTuple{languageTag=de-DE, variant=qwerty}]
2026-06-03 11:17:42.595 27861-27861 InputMethodEntryManager com...gle.android.inputmethod.latin  I  InputMethodEntryManager.updateInputMethodEntrySettingsLoadingTask():878 update loading task with resetImplicitlyEnabledEntries is false
2026-06-03 11:17:42.595 27861-27861 InputMethodEntryManager com...gle.android.inputmethod.latin  I  InputMethodEntryManager.resetLanguages():2804 resetLanguages(): languages={zh-CN, zh-HK, zh-TW}, conditionName=enable_auto_half_width_period
2026-06-03 11:17:42.595 27861-27861 ImeDefCache             com...gle.android.inputmethod.latin  I  ImeDefCache.clearCacheForLanguages():430 clearCacheForLanguages: languagesToClear={zh-CN, zh-HK, zh-TW}, conditionName=enable_auto_half_width_period
2026-06-03 11:17:42.595 27861-27861 AdditionalImeDefCache   com...gle.android.inputmethod.latin  I  AdditionalImeDefCache.clearAdditionalImeDefsForCondition():283 clearAdditionalImeDefsForCondition() clear tasks: []
2026-06-03 11:17:42.595 27861-27861 AdditionalImeDefCache   com...gle.android.inputmethod.latin  I  AdditionalImeDefCache.clearAdditionalImeDefsForCondition():303 clearAdditionalImeDefsForCondition() clear additional ImeDefs: []
2026-06-03 11:17:42.595 27861-27861 InputMethodEntryManager com...gle.android.inputmethod.latin  I  InputMethodEntryManager.resetLanguages():2815 Clear cache for languages: {zh-CN, zh-HK, zh-TW}, changed=false
2026-06-03 11:17:42.596 27861-27861 InputMethodEntryManager com...gle.android.inputmethod.latin  I  InputMethodEntryManager$4.onFailure():930 Fail load entries [LanguageTagVariantTuple{languageTag=en-US, variant=qwerty}, LanguageTagVariantTuple{languageTag=lg-UG, variant=luganda}, LanguageTagVariantTuple{languageTag=lg-UG, variant=qwerty}, LanguageTagVariantTuple{languageTag=de-DE, variant=qwerty}]
2026-06-03 11:17:42.596 27861-27861 InputMethodEntryManager com...gle.android.inputmethod.latin  I  InputMethodEntryManager.startLoadingInputMethodEntrySettings():748 Start loading input method entry settings: [LanguageTagVariantTuple{languageTag=en-US, variant=qwerty}, LanguageTagVariantTuple{languageTag=lg-UG, variant=luganda}, LanguageTagVariantTuple{languageTag=lg-UG, variant=qwerty}, LanguageTagVariantTuple{languageTag=de-DE, variant=qwerty}]
2026-06-03 11:17:42.599 27861-27861 InputMethodEntryManager com...gle.android.inputmethod.latin  I  InputMethodEntryManager.updateInputMethodEntrySettingsLoadingTask():878 update loading task with resetImplicitlyEnabledEntries is false
2026-06-03 11:17:42.599 27861-27861 InputMethodEntryManager com...gle.android.inputmethod.latin  I  InputMethodEntryManager.resetLanguages():2804 resetLanguages(): languages={ja-JP}, conditionName=ja_enable_popup_slideup_padding
2026-06-03 11:17:42.599 27861-27949 DeviceStatusMonitor     com...gle.android.inputmethod.latin  I  DeviceStatusMonitor.notifyIfNetworkChanged():197 notifyIfNetworkChanged: newState = NON_METERED, airplaneModeOn = false, notifyAnyway = false
2026-06-03 11:17:42.599 27861-27861 ImeDefCache             com...gle.android.inputmethod.latin  I  ImeDefCache.clearCacheForLanguages():430 clearCacheForLanguages: languagesToClear={ja-JP}, conditionName=ja_enable_popup_slideup_padding
2026-06-03 11:17:42.600 27861-27861 AdditionalImeDefCache   com...gle.android.inputmethod.latin  I  AdditionalImeDefCache.clearAdditionalImeDefsForCondition():283 clearAdditionalImeDefsForCondition() clear tasks: []
2026-06-03 11:17:42.600 27861-27861 AdditionalImeDefCache   com...gle.android.inputmethod.latin  I  AdditionalImeDefCache.clearAdditionalImeDefsForCondition():303 clearAdditionalImeDefsForCondition() clear additional ImeDefs: []
2026-06-03 11:17:42.600 27861-27861 InputMethodEntryManager com...gle.android.inputmethod.latin  I  InputMethodEntryManager.resetLanguages():2815 Clear cache for languages: {ja-JP}, changed=false
2026-06-03 11:17:42.600 27861-27861 InputMethodEntryManager com...gle.android.inputmethod.latin  I  InputMethodEntryManager$4.onFailure():930 Fail load entries [LanguageTagVariantTuple{languageTag=en-US, variant=qwerty}, LanguageTagVariantTuple{languageTag=lg-UG, variant=luganda}, LanguageTagVariantTuple{languageTag=lg-UG, variant=qwerty}, LanguageTagVariantTuple{languageTag=de-DE, variant=qwerty}]
2026-06-03 11:17:42.600 27861-27861 InputMethodEntryManager com...gle.android.inputmethod.latin  I  InputMethodEntryManager.startLoadingInputMethodEntrySettings():748 Start loading input method entry settings: [LanguageTagVariantTuple{languageTag=en-US, variant=qwerty}, LanguageTagVariantTuple{languageTag=lg-UG, variant=luganda}, LanguageTagVariantTuple{languageTag=lg-UG, variant=qwerty}, LanguageTagVariantTuple{languageTag=de-DE, variant=qwerty}]
2026-06-03 11:17:42.600 20927-20927 pp.musically.go         com.zhiliaoapp.musically.go          W  Verification of void X.15k.LB(java.lang.String, java.util.Map) took 717.726ms (13.93 bytecodes/s) (0B arena alloc)
2026-06-03 11:17:42.603 27861-27861 InputMethodEntryManager com...gle.android.inputmethod.latin  I  InputMethodEntryManager.updateInputMethodEntrySettingsLoadingTask():878 update loading task with resetImplicitlyEnabledEntries is false
2026-06-03 11:17:42.603 27861-27861 InputMethodEntryManager com...gle.android.inputmethod.latin  I  InputMethodEntryManager.resetLanguages():2804 resetLanguages(): languages={ko-KR, zh-CN, zh-HK, zh-TW}, conditionName=enable_input_unicode
2026-06-03 11:17:42.603 27861-27861 ImeDefCache             com...gle.android.inputmethod.latin  I  ImeDefCache.clearCacheForLanguages():430 clearCacheForLanguages: languagesToClear={ko-KR, zh-CN, zh-HK, zh-TW}, conditionName=enable_input_unicode
2026-06-03 11:17:42.603 27861-27861 AdditionalImeDefCache   com...gle.android.inputmethod.latin  I  AdditionalImeDefCache.clearAdditionalImeDefsForCondition():283 clearAdditionalImeDefsForCondition() clear tasks: []
2026-06-03 11:17:42.604 27861-27861 AdditionalImeDefCache   com...gle.android.inputmethod.latin  I  AdditionalImeDefCache.clearAdditionalImeDefsForCondition():303 clearAdditionalImeDefsForCondition() clear additional ImeDefs: []
2026-06-03 11:17:42.604 27861-27861 InputMethodEntryManager com...gle.android.inputmethod.latin  I  InputMethodEntryManager.resetLanguages():2815 Clear cache for languages: {ko-KR, zh-CN, zh-HK, zh-TW}, changed=false
2026-06-03 11:17:42.604 27972-27972 nativeloader            com.google.process.gservices         D  Configuring clns-shared-5 for other apk /system_ext/priv-app/GoogleServicesFramework/GoogleServicesFramework.apk. target_sdk_version=34, uses_libraries=, library_path=/system_ext/priv-app/GoogleServicesFramework/lib/arm:/system_ext/priv-app/GoogleServicesFramework/GoogleServicesFramework.apk!/lib/armeabi-v7a:/system/lib:/system_ext/lib, permitted_path=/data:/mnt/expand:/data/user/0/com.google.android.gsf:/system_ext/priv-app/GoogleServicesFramework:/system/lib:/system_ext/lib
2026-06-03 11:17:42.604 27861-27861 InputMethodEntryManager com...gle.android.inputmethod.latin  I  InputMethodEntryManager$4.onFailure():930 Fail load entries [LanguageTagVariantTuple{languageTag=en-US, variant=qwerty}, LanguageTagVariantTuple{languageTag=lg-UG, variant=luganda}, LanguageTagVariantTuple{languageTag=lg-UG, variant=qwerty}, LanguageTagVariantTuple{languageTag=de-DE, variant=qwerty}]
2026-06-03 11:17:42.604 27861-27861 InputMethodEntryManager com...gle.android.inputmethod.latin  I  InputMethodEntryManager.startLoadingInputMethodEntrySettings():748 Start loading input method entry settings: [LanguageTagVariantTuple{languageTag=en-US, variant=qwerty}, LanguageTagVariantTuple{languageTag=lg-UG, variant=luganda}, LanguageTagVariantTuple{languageTag=lg-UG, variant=qwerty}, LanguageTagVariantTuple{languageTag=de-DE, variant=qwerty}]
2026-06-03 11:17:42.607 27861-27861 InputMethodEntryManager com...gle.android.inputmethod.latin  I  InputMethodEntryManager.updateInputMethodEntrySettingsLoadingTask():878 update loading task with resetImplicitlyEnabledEntries is false
2026-06-03 11:17:42.607 27471-28026 AppInitScheduler|Run    com.instagram.android                W  Running DnsInitializer, order=2, priorityHint=null 
2026-06-03 11:17:42.608 27861-27861 HardKeyTracker          com...gle.android.inputmethod.latin  I  HardKeyTracker.registerKeySequence():201 Register key sequence lqi{labelResId=2132020403, callback=lbw@305d565, lastModifier=4097, keyCodes=[49], actions=[0]}
2026-06-03 11:17:42.609 27861-27861 DeviceModeModule        com...gle.android.inputmethod.latin  I  DeviceModeModule.calculateAndNotify():237 Device mode 'phone' from display metrics 'DisplayMetrics{density=0.0, width=720, height=1612, scaledDensity=0.0, xdpi=268.941, ydpi=269.373}' or smallestScreenWidthDp: 424
2026-06-03 11:17:42.609  1082-3948  CompetitionModeConfig   system_server                        D  sys.apm.competition_mode_config is not support!
2026-06-03 11:17:42.609 27861-27861 GoogleInpu...hodService com...gle.android.inputmethod.latin  I  GoogleInputMethodService.setShouldResetInputView():2864 Reset input view at next onStartInput()
2026-06-03 11:17:42.614  1082-1082  Looper                  system_server                        W  Slow dispatch took 127ms main h=android.app.ActivityThread$H c=android.app.LoadedApk$ServiceDispatcher$RunConnection@dced53f m=0
2026-06-03 11:17:42.622 27861-27861 AbstractOp...eExtension com...gle.android.inputmethod.latin  I  AbstractOpenableExtension.createKeyboardGroupManagerListenableFuture():121 Create keyboard group manager listenable future in fkq
2026-06-03 11:17:42.629 27861-27902 PhenotypeModule         com...gle.android.inputmethod.latin  I  PhenotypeModule.handlePhenotypeConfigurationUpdatesInternal():548 Latency of updating configurations from phenotype (experiment v4): 9
2026-06-03 11:17:42.629 27861-27902 PhenotypeModule         com...gle.android.inputmethod.latin  I  PhenotypeModule.handlePhenotypeConfigurationUpdates():492 Latency of updating configurations from phenotype (ExperimentV4): 9
2026-06-03 11:17:42.632 27471-27580 nativeloader            com.instagram.android                D  Load /data/app/~~XtVSZj3KwO9kKc7cmoMuqg==/com.instagram.android-AiLGafk54lrXNIT0qa2u7Q==/lib/arm/libdextricks-early.so using class loader ns clns-6 (caller=/data/app/~~XtVSZj3KwO9kKc7cmoMuqg==/com.instagram.android-AiLGafk54lrXNIT0qa2u7Q==/base.apk!classes3.dex): ok
2026-06-03 11:17:42.635 27471-28026 AppInitScheduler|Run    com.instagram.android                W    Finished DnsInitializer in 27ms
2026-06-03 11:17:42.637 27861-27949 KeyboardGroupDefParser  com...gle.android.inputmethod.latin  I  KeyboardGroupDefParser.parseKeyboardGroupDef():73 parseKeyboardGroupDef() 2132213990 -> 0_resource_name_obfuscated : WaitTime = 0 ms : RunTime = 15 ms
2026-06-03 11:17:42.637 27861-27951 KeyboardGroupDefParser  com...gle.android.inputmethod.latin  I  KeyboardGroupDefParser.parseKeyboardGroupDef():73 parseKeyboardGroupDef() 2132213989 -> 0_resource_name_obfuscated : WaitTime = 0 ms : RunTime = 15 ms
2026-06-03 11:17:42.644  1082-1814  CompetitionModeConfig   system_server                        D  sys.apm.competition_mode_config is not support!
2026-06-03 11:17:42.653 27861-27955 KeyboardGroupDefParser  com...gle.android.inputmethod.latin  I  KeyboardGroupDefParser.parseKeyboardGroupDef():73 parseKeyboardGroupDef() 2132213831 -> 0_resource_name_obfuscated : WaitTime = 2 ms : RunTime = 43 ms
2026-06-03 11:17:42.654  1082-1814  Compatibil...geReporter system_server                        D  Compat change id reported: 261072174; UID 10158; state: DISABLED
2026-06-03 11:17:42.667 27210-27914 SyncFlow                com.android.voltflow                 D  Tier 2 complete in 2016ms
2026-06-03 11:17:42.685 27697-27697 CheckTime               com.transsion.plat.appupdate         W  App running slow: Executing handleBindApplication : installContentProviders took 1929ms
2026-06-03 11:17:42.685 27697-27697 App                     com.transsion.plat.appupdate         D  onCreate start
2026-06-03 11:17:42.693 27861-27953 SP                      com...gle.android.inputmethod.latin  I  GC for 'emoticon_content_description' (10) with ttl of 0 ms took 0 ms (0/0/0)
2026-06-03 11:17:42.693 27861-27953 AbstractSy...ltCallback com...gle.android.inputmethod.latin  I  AbstractSyncResultCallback.onFailure():38 onFailure(): emoticon_content_description.sync cancelled; expected if new request supersedes pending one.
2026-06-03 11:17:42.694  1082-1814  AlarmManagerService     system_server                        D  set alarm to kernel: 213477.952000000, type=2 
2026-06-03 11:17:42.694  1082-1814  AlarmManagerService     system_server                        D  set alarm to kernel: 213057.367000000, type=3 
2026-06-03 11:17:42.703 27210-27396 VoltflowHttp            com.android.voltflow                 D  REQUEST: https://tqvemfaxqiisxvjhrxta.supabase.co/rest/v1/wallet_transactions?user_id=eq.65e95c38-efe8-4c52-91e5-6163ed4662cd&select=%2A&order=occurred_at.desc
                                                                                                    METHOD: HttpMethod(value=GET)
2026-06-03 11:17:42.703 12050-26015 AlarmManager            com.google.android.gms.persistent    I  setExactAndAllowWhileIdle [name: GCM_HB_ALARM type: 2 triggerAtMillis: 213411607]
2026-06-03 11:17:42.704  1082-1814  AlarmManager            system_server                        V  set(PendingIntent{1e032a4: PendingIntentRecord{a1545fa com.google.android.gms/com.google.android.gms.gcm broadcastIntent}}) : type=2 listener=null listenerTag=null workSource=null callingPackage=com.google.android.gms callingUid=10122 triggerAtTime=213411607 win=0 tElapsed=213411607 maxElapsed=213411607 interval=0 flags=0x21
2026-06-03 11:17:42.704  1082-1814  AlarmManagerService     system_server                        D  set alarm to kernel: 213411.607000000, type=2 
2026-06-03 11:17:42.704  1082-1814  AlarmManagerService     system_server                        D  set alarm to kernel: 213057.367000000, type=3 
2026-06-03 11:17:42.710   605-727   DPUModule               and...graphics.composer@2.4-service  I  DpuR5P0::checkLayerFormat <149>: checkLayerFormat: Format(1)
2026-06-03 11:17:42.710   605-727   DPUModule               and...graphics.composer@2.4-service  I  DpuR5P0::checkTransform <44>: checkTransform: Transform(0), SRCRect(0,0)
2026-06-03 11:17:42.710   605-727   DPUModule               and...graphics.composer@2.4-service  I  DpuR5P0::checkAFBCBlockSize <105>: checkAFBCBlockSize: compressed(1),format(1), pitch(720), vstride(1616)
2026-06-03 11:17:42.710   605-727   DPUModule               and...graphics.composer@2.4-service  I  DpuR5P0::checkLayerFormat <149>: checkLayerFormat: Format(1)
2026-06-03 11:17:42.710   605-727   DPUModule               and...graphics.composer@2.4-service  I  DpuR5P0::checkTransform <44>: checkTransform: Transform(0), SRCRect(0,0)
2026-06-03 11:17:42.710   605-727   DPUModule               and...graphics.composer@2.4-service  I  DpuR5P0::checkAFBCBlockSize <105>: checkAFBCBlockSize: compressed(1),format(1), pitch(720), vstride(80)
2026-06-03 11:17:42.710   605-727   DPUModule               and...graphics.composer@2.4-service  I  DpuR5P0::checkLayerFormat <149>: checkLayerFormat: Format(1)
2026-06-03 11:17:42.710   605-727   DPUModule               and...graphics.composer@2.4-service  I  DpuR5P0::checkTransform <44>: checkTransform: Transform(0), SRCRect(0,0)
2026-06-03 11:17:42.710   605-727   DPUModule               and...graphics.composer@2.4-service  I  DpuR5P0::checkAFBCBlockSize <105>: checkAFBCBlockSize: compressed(1),format(1), pitch(720), vstride(80)
2026-06-03 11:17:42.710   605-727   DPUModule               and...graphics.composer@2.4-service  D  [] support: 0
2026-06-03 11:17:42.713 13888-14150 BLASTBufferQueue        com.android.systemui                 D  [VRI[StatusBar]#3](f:0,a:3) PendingRelease=2, PendingBuffersToHold=1, SyncedFrameNumbers=0, lacfnr:14241, lapfnr:14241
2026-06-03 11:17:42.714 13888-14150 BLASTBufferQueue        com.android.systemui                 D  [VRI[StatusBar]#3](f:0,a:2) PendingRelease=1, PendingBuffersToHold=1, SyncedFrameNumbers=0, lacfnr:14241, lapfnr:14241
2026-06-03 11:17:42.718 27210-27396 VoltflowHttp            com.android.voltflow                 D  REQUEST: https://tqvemfaxqiisxvjhrxta.supabase.co/rest/v1/usage_metrics?user_id=eq.65e95c38-efe8-4c52-91e5-6163ed4662cd&select=%2A&order=period_start.desc
                                                                                                    METHOD: HttpMethod(value=GET)
2026-06-03 11:17:42.719  1082-3948  CompetitionModeConfig   system_server                        D  sys.apm.competition_mode_config is not support!
2026-06-03 11:17:42.742 27861-27898 PhenotypeModule         com...gle.android.inputmethod.latin  I  PhenotypeModule.handleResult():362 fetchAndUpdate() : Success, hasFlags=true, fetchStatus=lhb[reason=ON_CREATE, timestamp=1780474662431, isFullFetch=true, success=true, fetchedFlagsCount=1425, deletedFlagsCount=0, isEmpty=false, isDelta=false, totalTime=240, failureMessage=null, registeredFormFactor=phone, fetchedFormFactor=phone, serverToken=CAMSbw1q15vyAAQL2w_HGZMCmhED_D-UIskTBfwFB8ADkBYPvQYAsQOHAw8zDaQDD54FACsaAasFBoLt3QMPvRAEAQTfCgTwDATxAwWCBQQBBNIEAA8PqQ4EogYDXQ7LBg4FDtYGA1ADAAYGQAMNDaAGDQ==]
2026-06-03 11:17:42.742 27861-27898 PhenotypeModule         com...gle.android.inputmethod.latin  I  PhenotypeModule$1.onSuccess():175 Fetch at onCreate(): true
2026-06-03 11:17:42.745 20927-20927 pp.musically.go         com.zhiliaoapp.musically.go          W  Verification of void X.15k.onEvent(com.ss.android.ugc.aweme.minilite.common.MobClick) took 119.231ms (612.25 bytecodes/s) (0B arena alloc)
2026-06-03 11:17:42.746 27210-27915 VoltflowHttp            com.android.voltflow                 D  REQUEST: https://tqvemfaxqiisxvjhrxta.supabase.co/rest/v1/transactions?user_id=eq.65e95c38-efe8-4c52-91e5-6163ed4662cd&select=%2A&order=created_at.desc
                                                                                                    METHOD: HttpMethod(value=GET)
2026-06-03 11:17:42.748  1082-1115  DisplayDeviceRepository system_server                        I  Display device changed: DisplayDeviceInfo{"Integrierter Bildschirm": uniqueId="local:4619827259835644672", 720 x 1612, modeId 1, renderFrameRate 60.0, defaultModeId 2, supportedModes [{id=1, width=720, height=1612, fps=60.0, alternativeRefreshRates=[90.0], supportedHdrTypes=[]}, {id=2, width=720, height=1612, fps=90.0, alternativeRefreshRates=[60.0], supportedHdrTypes=[]}], colorMode 0, supportedColorModes [0], hdrCapabilities HdrCapabilities{mSupportedHdrTypes=[], mMaxLuminance=500.0, mMaxAverageLuminance=500.0, mMinLuminance=0.0}, allmSupported false, gameContentTypeSupported false, density 320, 268.941 x 269.373 dpi, appVsyncOff 1000000, presDeadline 16666667, cutout DisplayCutout{insets=Rect(0, 80 - 0, 0) waterfall=Insets{left=0, top=0, right=0, bottom=0} boundingRect={Bounds=[Rect(0, 0 - 0, 0), Rect(312, 0 - 408, 80), Rect(0, 0 - 0, 0), Rect(0, 0 - 0, 0)]} cutoutPathParserInfo={CutoutPathParserInfo{displayWidth=720 displayHeight=1612 physicalDisplayWidth=720 physicalDisplayHeight=1612 density={2.0} cutoutSpec={M -24,0 L -24,40 L 24,40 L 24,0 Z @dp} rotation={0} scale={1.0} physicalPixelDisplaySizeRatio={1.0}}}}, touch INTERNAL, rotation 0, type INTERNAL, address {port=0, model=0x401cec6a7a2b7b}, deviceProductInfo DeviceProductInfo{name=EMU_display_0, manufacturerPnpId=GGL, productId=1, modelYear=null, manufactureDate=ManufactureDate{week=27, year=2006}, connectionToSinkType=0}, state ON, committedState ON, frameRateOverride , brightnessMinimum 0.0, brightnessMaximum 1.0, brightnessDefault 0.38188976, hdrSdrRatio NaN, FLAG_ALLOWED_TO_BE_DEFAULT_DISPLAY, FLAG_ROTATES_WITH_CONTENT, FLAG_SECURE, FLAG_SUPPORTS_PROTECTED_BUFFERS, FLAG_TRUSTED, installOrientation 0, displayShape DisplayShape{ spec=-1329894761 displayWidth=720 displayHeight=1612 physicalPixelDisplaySizeRatio=1.0 rotation=0 offsetX=0 offsetY=0 scale=1.0}}
2026-06-03 11:17:42.755 20927-21300 VoDStrategy             com.zhiliaoapp.musically.go          D  <vc_log.cpp,event,121>[center][event] on event, id = 7579546723363079697T1780474596245T53009, key = 3039, value = 2, info = , jsonLog = null
2026-06-03 11:17:42.755 20927-21300 VoDStrategy             com.zhiliaoapp.musically.go          D  <vc_log.cpp,event,121>[center][event] on event, id = 7579546723363079697T1780474596245T53009, key = 3032, value = 6000, info = , jsonLog = null
2026-06-03 11:17:42.755 20927-21300 VoDStrategy             com.zhiliaoapp.musically.go          D  <vc_log.cpp,event,121>[center][event] on event, id = 7579546723363079697T1780474596245T53009, key = 3031, value = 0, info = 1780474662755, jsonLog = null
2026-06-03 11:17:42.755 20927-21300 VoDStrategy             com.zhiliaoapp.musically.go          D  <vc_log.cpp,event,121>[center][event] on event, id = 7579546723363079697T1780474596245T53009, key = 3039, value = 1, info = , jsonLog = null
2026-06-03 11:17:42.755 20927-23974 VoDStrategy             com.zhiliaoapp.musically.go          D  <vc_log.cpp,event,121>[center][event] on event, id = 7579546723363079697T1780474596245T53009, key = 3032, value = 6000, info = , jsonLog = null
2026-06-03 11:17:42.755 20927-23974 VoDStrategy             com.zhiliaoapp.musically.go          D  <vc_log.cpp,event,121>[center][event] on event, id = 7579546723363079697T1780474596245T53009, key = 3031, value = 0, info = 1780474662755, jsonLog = null
2026-06-03 11:17:42.756 20927-23974 VoDStrategy             com.zhiliaoapp.musically.go          D  <vc_log.cpp,event,121>[center][event] on event, id = 7579546723363079697T1780474596245T53009, key = 3005, value = 403, info = , jsonLog = []
2026-06-03 11:17:42.756 20927-23974 VoDStrategy             com.zhiliaoapp.musically.go          D  <vc_log.cpp,event,121>[center][event] on event, id = 7635908550254005535, key = 2500, value = 2, info = 1780474662756, jsonLog = null
2026-06-03 11:17:42.756 20927-23974 VoDStrategy             com.zhiliaoapp.musically.go          D  <vc_log.cpp,event,121>[center][event] on event, id = 7579546723363079697T1780474596245T53009, key = 3031, value = 2, info = 1780474662756, jsonLog = null
2026-06-03 11:17:42.756 20927-23974 VoDStrategy             com.zhiliaoapp.musically.go          D  <vc_log.cpp,event,121>[center][event] on event, id = 7579546723363079697T1780474596245T53009, key = 3031, value = 3, info = 1780474662756, jsonLog = null
2026-06-03 11:17:42.756 20927-23974 VoDStrategy             com.zhiliaoapp.musically.go          D  <vc_log.cpp,event,121>[center][event] on event, id = 7579546723363079697T1780474596245T53009, key = 3001, value = 10, info = , jsonLog = null
