2026-06-03 11:17:40.063  1082-1136  os.notification         system_server                        V  onFixNotification  end, notification= Notification(channel=keyguardgesture_notification shortcut=null contentView=null vibrate=null sound=null defaults=0x0 flags=0x840 color=0x00000000 vis=PRIVATE)
2026-06-03 11:17:40.063  1082-1136  os.notification         system_server                        V  Don't update notification that is low importance.
2026-06-03 11:17:40.065  1082-1136  BroadcastQueue          system_server                        D  Skip update running list, mRunnableHead=BroadcastProcessQueue{6c22389 1082:system/1000} Max running broadcast queue size is 3 current is 2 usedExtra is 1
2026-06-03 11:17:40.065 27850-27850 KeyguardGestureService  com.transsion.keyguardgesture        D  onCreate startForeground==keyguardgesture_notification
2026-06-03 11:17:40.069 27646-27646 SoLoader                com.whatsapp                         W  Loading vlc on the main thread
2026-06-03 11:17:40.076 27646-27646 nativeloader            com.whatsapp                         D  Load /data/data/com.whatsapp/files/decompressed/libs.spo/libvlc.so using class loader ns clns-5 (caller=/data/app/~~1IyiKARcMMUeuI7oWZTe5A==/com.whatsapp-OlPUeVvoyuVbC5zPmDEYmg==/base.apk): ok
2026-06-03 11:17:40.076 27646-27646 SoLoader                com.whatsapp                         W  Loading native_utils on the main thread
2026-06-03 11:17:40.098 27646-27646 nativeloader            com.whatsapp                         D  Load /data/data/com.whatsapp/files/decompressed/libs.spo/libnative_utils.so using class loader ns clns-5 (caller=/data/app/~~1IyiKARcMMUeuI7oWZTe5A==/com.whatsapp-OlPUeVvoyuVbC5zPmDEYmg==/base.apk): ok
2026-06-03 11:17:40.098 27646-27646 SoLoader                com.whatsapp                         W  Loading curve25519 on the main thread
2026-06-03 11:17:40.119 27646-27646 nativeloader            com.whatsapp                         D  Load /data/data/com.whatsapp/files/decompressed/libs.spo/libcurve25519.so using class loader ns clns-5 (caller=/data/app/~~1IyiKARcMMUeuI7oWZTe5A==/com.whatsapp-OlPUeVvoyuVbC5zPmDEYmg==/base.apk): ok
2026-06-03 11:17:40.137 27697-27697 nativeloader            com.transsion.plat.appupdate         D  Load libframework-connectivity-jni.so using APEX ns com_android_tethering for caller /apex/com.android.tethering/javalib/framework-connectivity.jar: ok
2026-06-03 11:17:40.142  1448-1735  IwlanNetworkService     com.spreadtrum.ims                   D  requestNetworkRegistrationInfo,domain:2 callback:android.telephony.NetworkServiceCallback@5a23bab
2026-06-03 11:17:40.164  1448-1735  UnisocCall...anagerImpl com.spreadtrum.ims                   D  isVtEnabledByUser...  setting = -1 | onByDefault = true
2026-06-03 11:17:40.173  1373-1380  m.android.phone         com.android.phone                    I  Background concurrent mark compact GC freed 5606KB AllocSpace bytes, 24(1224KB) LOS objects, 49% free, 6653KB/12MB, paused 8.935ms,73.416ms total 453.120ms
2026-06-03 11:17:40.184  1373-1373  TranTelephonyManagerEx  com.android.phone                    I  [getPTWhiteList]com.transsion.phone.TranPhoneInterfaceManager@b8f4a7b
2026-06-03 11:17:40.184  1373-1373  TranPhoneI...aceManager com.android.phone                    I  [getPTWhiteList]
2026-06-03 11:17:40.185  1373-1373  TranTelephonyManagerEx  com.android.phone                    I  [getPtPolicyforSlotIndex]com.transsion.phone.TranPhoneInterfaceManager@b8f4a7b
2026-06-03 11:17:40.185  1373-1373  TranPhoneI...aceManager com.android.phone                    I  [getPtPolicyforSlotIndex]
2026-06-03 11:17:40.212 27850-27850 KeyguardGestureService  com.transsion.keyguardgesture        D  hideNotification finish==
2026-06-03 11:17:40.212 27850-27850 KeyguardGestureService  com.transsion.keyguardgesture        E  onStartCommand no method
2026-06-03 11:17:40.241  5549-27886 DynamiteModule          com.google.android.gms               I  Considering local module com.google.android.gms.googlecertificates:7 and remote module com.google.android.gms.googlecertificates:7
2026-06-03 11:17:40.241  5549-27886 DynamiteModule          com.google.android.gms               I  Selected local version of com.google.android.gms.googlecertificates
2026-06-03 11:17:40.269  5549-27886 SignInPerformer-0       com.google.android.gms               I  (REDACTED) Handling request [%s], isFirstPartyCaller [%s]
2026-06-03 11:17:40.272  5549-27886 SignInPerformer-0       com.google.android.gms               I  Successfully brokered first-party unauthenticated GamesService [CONTEXT service_id=1 ]
2026-06-03 11:17:40.355   314-314   lowmemorykiller         lmkd                                 I  TranMemoryInfo: vmstat time slice: 1019
2026-06-03 11:17:40.355   314-314   lowmemorykiller         lmkd                                 I  TranMemoryInfo: PSI stat: 11, 31.55, 15.41, 16.72, 9.32
2026-06-03 11:17:40.355   314-314   lowmemorykiller         lmkd                                 I  TranMemoryInfo: vmstat: 11614, 140, 43961, 15, 1318586
2026-06-03 11:17:40.355   314-314   lowmemorykiller         lmkd                                 D  TranMemoryInfo: kswapd pgscan_kswapd 1180974817 to 1181054657, pgsteal_kswapd 630584697 to 630628658, stime 1318515 to 1318586.
2026-06-03 11:17:40.355   314-314   lowmemorykiller         lmkd                                 I  TranMemoryInfo: kswapd has been run.
2026-06-03 11:17:40.355   314-314   lowmemorykiller         lmkd                                 I  TranMemoryInfo: kswapd reclaim amount : 43961 pages.
2026-06-03 11:17:40.355   314-314   lowmemorykiller         lmkd                                 I  TranMemoryInfo: kswapd reclaim efficiency : 247 KB/ms.
2026-06-03 11:17:40.375  5549-27758 GamesModuleInfoProvider com.google.android.gms               I  (REDACTED) Retrieved module info: %s
2026-06-03 11:17:40.377  5549-27758 PlayGamesS...s[UiUtils] com.google.android.gms               W  AppVersion: Cannot find the installed destination app.
2026-06-03 11:17:40.378  5549-27886 GetGamesServiceV2Op     com.google.android.gms               I  (REDACTED) Successfully brokered GamesService for request %s
2026-06-03 11:17:40.381  5549-27758 PlayGamesS...s[UiUtils] com.google.android.gms               W  AppVersionName: Cannot find the installed destination app.
2026-06-03 11:17:40.434 27210-27210 VoltflowHttp            com.android.voltflow                 D  RESPONSE: 200 
                                                                                                    METHOD: HttpMethod(value=POST)
                                                                                                    FROM: https://tqvemfaxqiisxvjhrxta.supabase.co/rest/v1/rpc/get_aggregated_usage
2026-06-03 11:17:40.440 27210-27210 AnalyticsFlow           com.android.voltflow                 D  RPC get_aggregated_usage Raw Response: [{"bucket_start":"2026-05-27T00:00:00+00:00","total_value":134.32}, 
                                                                                                     {"bucket_start":"2026-05-28T00:00:00+00:00","total_value":84.32}, 
                                                                                                     {"bucket_start":"2026-05-29T00:00:00+00:00","total_value":84.32}]
2026-06-03 11:17:40.460   314-314   lowmemorykiller         lmkd                                 I  Kill 'com.android.providers.calendar' (27816), uid 10073, oom_score_adj 905 to free 41276kB rss, 30440kB swap; reason: device is in direct reclaim and thrashing (32%)
2026-06-03 11:17:40.460   314-314   lowmemorykiller         lmkd                                 I  TranMemoryInfo: kill time slice: 3551
2026-06-03 11:17:40.460   314-314   lowmemorykiller         lmkd                                 I  TranMemoryInfo: kill stat: [0,1,0,0,0,0,1,0,0,0],38,0,0
2026-06-03 11:17:40.484  1082-4688  ActivityManager         system_server                        I  Process com.android.providers.calendar (pid 27816) has died: cch+5 CEM 
2026-06-03 11:17:40.484  1082-1138  libprocessgroup         system_server                        I  Successfully killed process cgroup uid 10073 pid 27816 in 0ms
2026-06-03 11:17:40.485  1082-4688  CompetitionModeConfig   system_server                        D  sys.apm.competition_mode_config is not support!
2026-06-03 11:17:40.485  1082-4688  os.Activit...erviceLice system_server                        D  make process inactive com.android.providers.calendar(27816)
2026-06-03 11:17:40.485   595-595   Zygote                  pid-595                              I  Process 27816 exited due to signal 9 (Killed)
2026-06-03 11:17:40.486  1082-1113  DisplayManagerService   system_server                        D  Drop pending events for gone uid 10073
2026-06-03 11:17:40.492  1082-1128  Griffin/CleanManager    system_server                        D  dispatch clean index=14
2026-06-03 11:17:40.635 27812-27812 android.vending         com.android.vending                  W  Failed to find entry 'classes.dex': Entry not found
2026-06-03 11:17:40.648 27210-27210 AnalyticsFlow           com.android.voltflow                 E  RPC get_aggregated_usage failed (Fix with AI)
                                                                                                    j$.time.format.DateTimeParseException: Text '2026-05-27T00:00:00+00:00' could not be parsed at index 19
                                                                                                    	at j$.time.format.DateTimeFormatter.parseResolved0(DateTimeFormatter.java:1999)
                                                                                                    	at j$.time.format.DateTimeFormatter.parse(DateTimeFormatter.java:1901)
                                                                                                    	at j$.time.Instant.parse(Instant.java:395)
                                                                                                    	at com.example.voltflow.data.SupabaseService.fetchAggregatedUsage(SupabaseService.kt:246)
                                                                                                    	at com.example.voltflow.data.SupabaseService$fetchAggregatedUsage$1.invokeSuspend(Unknown Source:16)
                                                                                                    	at kotlin.coroutines.jvm.internal.BaseContinuationImpl.resumeWith(ContinuationImpl.kt:33)
                                                                                                    	at kotlinx.coroutines.DispatchedTask.run(DispatchedTask.kt:101)
                                                                                                    	at android.os.Handler.handleCallback(Handler.java:958)
                                                                                                    	at android.os.Handler.dispatchMessage(Handler.java:99)
                                                                                                    	at android.os.Looper.loopOnce(Looper.java:205)
                                                                                                    	at android.os.Looper.loop(Looper.java:294)
                                                                                                    	at android.app.ActivityThread.main(ActivityThread.java:8500)
                                                                                                    	at java.lang.reflect.Method.invoke(Native Method)
                                                                                                    	at com.android.internal.os.RuntimeInit$MethodAndArgsCaller.run(RuntimeInit.java:640)
                                                                                                    	at com.android.internal.os.ZygoteInit.main(ZygoteInit.java:1026)
2026-06-03 11:17:40.648 27210-27210 AnalyticsFlow           com.android.voltflow                 D  FetchChart Points Received: 0
2026-06-03 11:17:40.649 27210-27210 AnalyticsFlow           com.android.voltflow                 D  FetchChart success in 9358ms
2026-06-03 11:17:40.649 27210-27785 SyncFlow                com.android.voltflow                 D  Tier 1 complete (UI Rendered) in 2821ms
2026-06-03 11:17:40.651 27210-27785 AuthFlow                com.android.voltflow                 D  RestoreSession complete in 9984ms
2026-06-03 11:17:40.653 27812-27812 android.vending         com.android.vending                  W  Failed to find entry 'classes.dex': Entry not found
2026-06-03 11:17:40.662 27861-27861 nativeloader            com...gle.android.inputmethod.latin  D  Load libframework-connectivity-jni.so using APEX ns com_android_tethering for caller /apex/com.android.tethering/javalib/framework-connectivity.jar: ok
2026-06-03 11:17:40.666 27812-27812 android.vending         com.android.vending                  W  Failed to find entry 'classes.dex': Entry not found
2026-06-03 11:17:40.678 27812-27812 android.vending         com.android.vending                  W  Failed to find entry 'classes.dex': Entry not found
2026-06-03 11:17:40.681 27646-27646 CheckTime               com.whatsapp                         W  App running slow: Executing handleBindApplication : callApplicationOnCreate took 2664ms
2026-06-03 11:17:40.681 27210-27877 VoltflowHttp            com.android.voltflow                 D  REQUEST: https://tqvemfaxqiisxvjhrxta.supabase.co/rest/v1/notifications?user_id=eq.65e95c38-efe8-4c52-91e5-6163ed4662cd&select=%2A&order=created_at.desc
                                                                                                    METHOD: HttpMethod(value=GET)
2026-06-03 11:17:40.684  1082-4688  ActivityManager         system_server                        I  Flag disabled. Ignoring finishAttachApplication from uid: 10273. pid: 27646
2026-06-03 11:17:40.687  1373-1373  TranSignal...ponentImpl com.android.phone                    D  [LTE] dbm: -101
2026-06-03 11:17:40.687  1373-1373  TranSignal...ponentImpl com.android.phone                    D  [LTE] dbm: -101
2026-06-03 11:17:40.689 27210-27398 VoltflowHttp            com.android.voltflow                 D  REQUEST: https://tqvemfaxqiisxvjhrxta.supabase.co/rest/v1/usage?user_id=eq.65e95c38-efe8-4c52-91e5-6163ed4662cd&select=%2A
                                                                                                    METHOD: HttpMethod(value=GET)
2026-06-03 11:17:40.690  1373-1636  TranPhoneI...aceManager com.android.phone                    I  MPSTCB - onSignalStrengthsChanged
2026-06-03 11:17:40.690  1373-1636  TranPhoneI...aceManager com.android.phone                    D  [onSignalStrengthsChanged]
2026-06-03 11:17:40.690  1373-1636  TranSmartA...Controller com.android.phone                    D  mDefaultDataSubId = 1  subId = 1
2026-06-03 11:17:40.690  1373-1636  TranSmartA...Controller com.android.phone                    D  mSupport = true  mBwAllocEnable = false mSimReady =true  mScreenOn =true
2026-06-03 11:17:40.690  1373-1636  TranSmartA...Controller com.android.phone                    D  mDataAvailable = false  mInService = true  cellSignalStrengthList = [CellSignalStrengthLte: rssi=-51 rsrp=-101 rsrq=-18 rssnr=1 cqiTableIndex=2147483647 cqi=2147483647 ta=2147483647 level=3 parametersUseForLevel=0]
2026-06-03 11:17:40.691 27812-27812 android.vending         com.android.vending                  W  Failed to find entry 'classes.dex': Entry not found
2026-06-03 11:17:40.691 27861-27861 GraphicsEnvironment     com...gle.android.inputmethod.latin  V  Currently set values for:
2026-06-03 11:17:40.691 27861-27861 GraphicsEnvironment     com...gle.android.inputmethod.latin  V    angle_gl_driver_selection_pkgs=[]
2026-06-03 11:17:40.691 27861-27861 GraphicsEnvironment     com...gle.android.inputmethod.latin  V    angle_gl_driver_selection_values=[]
2026-06-03 11:17:40.691  1082-1142  TranSignal...ponentImpl system_server                        D  [LTE] dbm: -101
2026-06-03 11:17:40.692 27861-27861 GraphicsEnvironment     com...gle.android.inputmethod.latin  V  ANGLE GameManagerService for com.google.android.inputmethod.latin: false
2026-06-03 11:17:40.692 27861-27861 GraphicsEnvironment     com...gle.android.inputmethod.latin  V  com.google.android.inputmethod.latin is not listed in per-application setting
2026-06-03 11:17:40.692 27861-27861 GraphicsEnvironment     com...gle.android.inputmethod.latin  V  Neither updatable production driver nor prerelease driver is supported.
2026-06-03 11:17:40.698 27210-27785 VoltflowHttp            com.android.voltflow                 D  REQUEST: https://tqvemfaxqiisxvjhrxta.supabase.co/rest/v1/bills?user_id=eq.65e95c38-efe8-4c52-91e5-6163ed4662cd&select=%2A&order=created_at.desc
                                                                                                    METHOD: HttpMethod(value=GET)
2026-06-03 11:17:40.703 27812-27812 android.vending         com.android.vending                  W  Failed to find entry 'classes.dex': Entry not found
2026-06-03 11:17:40.703 27210-27877 VoltflowHttp            com.android.voltflow                 D  REQUEST: https://tqvemfaxqiisxvjhrxta.supabase.co/rest/v1/autopay_settings?user_id=eq.65e95c38-efe8-4c52-91e5-6163ed4662cd&select=%2A
                                                                                                    METHOD: HttpMethod(value=GET)
2026-06-03 11:17:40.709  1082-4688  ActivityManager         system_server                        D  Skip enqueue broadcast because no receiver with Intent { act=android.intent.action.SIG_STR flg=0x10 (has extras) }
2026-06-03 11:17:40.711 27697-27697 GraphicsEnvironment     com.transsion.plat.appupdate         V  Currently set values for:
2026-06-03 11:17:40.712 27697-27697 GraphicsEnvironment     com.transsion.plat.appupdate         V    angle_gl_driver_selection_pkgs=[]
2026-06-03 11:17:40.712 27697-27697 GraphicsEnvironment     com.transsion.plat.appupdate         V    angle_gl_driver_selection_values=[]
2026-06-03 11:17:40.713 27697-27697 GraphicsEnvironment     com.transsion.plat.appupdate         V  ANGLE GameManagerService for com.transsion.plat.appupdate: false
2026-06-03 11:17:40.713 27697-27697 GraphicsEnvironment     com.transsion.plat.appupdate         V  com.transsion.plat.appupdate is not listed in per-application setting
2026-06-03 11:17:40.713 27697-27697 GraphicsEnvironment     com.transsion.plat.appupdate         V  Neither updatable production driver nor prerelease driver is supported.
2026-06-03 11:17:40.723  1373-1373  TranSignal...ponentImpl com.android.phone                    D  [LTE] dbm: -94
2026-06-03 11:17:40.723  1373-1373  TranSignal...ponentImpl com.android.phone                    D  [LTE] dbm: -94
2026-06-03 11:17:40.725  1082-1142  TranSignal...ponentImpl system_server                        D  [LTE] dbm: -94
2026-06-03 11:17:40.725  1082-4688  ActivityManager         system_server                        D  Skip enqueue broadcast because no receiver with Intent { act=android.intent.action.SIG_STR flg=0x10 (has extras) }
2026-06-03 11:17:40.725  1373-1636  TranPhoneI...aceManager com.android.phone                    I  MPSTCB - onSignalStrengthsChanged
2026-06-03 11:17:40.725  1373-1636  TranPhoneI...aceManager com.android.phone                    D  [onSignalStrengthsChanged]
2026-06-03 11:17:40.725  1373-1636  TranSmartA...Controller com.android.phone                    D  mDefaultDataSubId = 1  subId = 2
2026-06-03 11:17:40.725  1373-1636  TranSmartA...Controller com.android.phone                    D  mSupport = true  mBwAllocEnable = false mSimReady =true  mScreenOn =true
2026-06-03 11:17:40.727  1373-1373  UpLinkDataController    com.android.phone                    D  onSignalStrengthsChanged
2026-06-03 11:17:40.728  1373-7931  UpLinkDataController    com.android.phone                    D  InitialState.processMessage:2
2026-06-03 11:17:40.735 27812-27812 android.vending         com.android.vending                  W  Failed to find entry 'classes.dex': Entry not found
2026-06-03 11:17:40.737 27812-27812 nativeloader            com.android.vending                  D  Configuring clns-5 for other apk /data/app/~~gama-KPdsUq9Drb3uNeovw==/com.android.vending-GraPUmWyvuwWYl4B0NcHgg==/base.apk:/data/app/~~gama-KPdsUq9Drb3uNeovw==/com.android.vending-GraPUmWyvuwWYl4B0NcHgg==/split_config.armeabi_v7a.apk:/data/app/~~gama-KPdsUq9Drb3uNeovw==/com.android.vending-GraPUmWyvuwWYl4B0NcHgg==/split_config.de.apk:/data/app/~~gama-KPdsUq9Drb3uNeovw==/com.android.vending-GraPUmWyvuwWYl4B0NcHgg==/split_config.en.apk:/data/app/~~gama-KPdsUq9Drb3uNeovw==/com.android.vending-GraPUmWyvuwWYl4B0NcHgg==/split_phonesky_data_loader.apk:/data/app/~~gama-KPdsUq9Drb3uNeovw==/com.android.vending-GraPUmWyvuwWYl4B0NcHgg==/split_phonesky_data_loader.config.armeabi_v7a.apk:/data/app/~~gama-KPdsUq9Drb3uNeovw==/com.android.vending-GraPUmWyvuwWYl4B0NcHgg==/split_phonesky_webrtc_native_lib.apk:/data/app/~~gama-KPdsUq9Drb3uNeovw==/com.android.vending-GraPUmWyvuwWYl4B0NcHgg==/split_phonesky_webrtc_native_lib.config.armeabi_v7a.apk. target_sdk_version=37, uses_libraries=, library_path=/data/app/~~gama-KPdsUq9Drb3
2026-06-03 11:17:40.739 27812-27812 CheckTime               com.android.vending                  W  App running slow: Executing application classloader create took 2023ms
2026-06-03 11:17:40.747 27861-27861 LoadedApk               com...gle.android.inputmethod.latin  I  No resource references to update in package com.transsion.theme.icon
2026-06-03 11:17:40.751 27210-27396 Supabase-Realtime       com.android.voltflow                 I  Connected to realtime websocket!
2026-06-03 11:17:40.752 20927-21300 VoDStrategy             com.zhiliaoapp.musically.go          D  <vc_log.cpp,event,121>[center][event] on event, id = 7579546723363079697T1780474596245T53009, key = 3039, value = 2, info = , jsonLog = null
2026-06-03 11:17:40.752 20927-21300 VoDStrategy             com.zhiliaoapp.musically.go          D  <vc_log.cpp,event,121>[center][event] on event, id = 7579546723363079697T1780474596245T53009, key = 3032, value = 6000, info = , jsonLog = null
2026-06-03 11:17:40.752 20927-21300 VoDStrategy             com.zhiliaoapp.musically.go          D  <vc_log.cpp,event,121>[center][event] on event, id = 7579546723363079697T1780474596245T53009, key = 3031, value = 0, info = 1780474660752, jsonLog = null
2026-06-03 11:17:40.752 20927-23974 VoDStrategy             com.zhiliaoapp.musically.go          D  <vc_log.cpp,event,121>[center][event] on event, id = 7579546723363079697T1780474596245T53009, key = 3032, value = 6000, info = , jsonLog = null
2026-06-03 11:17:40.752 20927-21300 VoDStrategy             com.zhiliaoapp.musically.go          D  <vc_log.cpp,event,121>[center][event] on event, id = 7579546723363079697T1780474596245T53009, key = 3039, value = 1, info = , jsonLog = null
2026-06-03 11:17:40.752 20927-23974 VoDStrategy             com.zhiliaoapp.musically.go          D  <vc_log.cpp,event,121>[center][event] on event, id = 7579546723363079697T1780474596245T53009, key = 3031, value = 0, info = 1780474660752, jsonLog = null
2026-06-03 11:17:40.753 20927-23974 VoDStrategy             com.zhiliaoapp.musically.go          D  <vc_log.cpp,event,121>[center][event] on event, id = 7579546723363079697T1780474596245T53009, key = 3005, value = 403, info = , jsonLog = []
2026-06-03 11:17:40.753 20927-23974 VoDStrategy             com.zhiliaoapp.musically.go          D  <vc_log.cpp,event,121>[center][event] on event, id = 7635908550254005535, key = 2500, value = 2, info = 1780474660753, jsonLog = null
2026-06-03 11:17:40.753 20927-23974 VoDStrategy             com.zhiliaoapp.musically.go          D  <vc_log.cpp,event,121>[center][event] on event, id = 7579546723363079697T1780474596245T53009, key = 3031, value = 2, info = 1780474660753, jsonLog = null
2026-06-03 11:17:40.753 20927-23974 VoDStrategy             com.zhiliaoapp.musically.go          D  <vc_log.cpp,event,121>[center][event] on event, id = 7579546723363079697T1780474596245T53009, key = 3031, value = 3, info = 1780474660753, jsonLog = null
2026-06-03 11:17:40.753 20927-23974 VoDStrategy             com.zhiliaoapp.musically.go          D  <vc_log.cpp,event,121>[center][event] on event, id = 7579546723363079697T1780474596245T53009, key = 3001, value = 10, info = , jsonLog = null
2026-06-03 11:17:40.753 20927-23974 VoDStrategy             com.zhiliaoapp.musically.go          D  <vc_play_task.cpp,obtainAVMDLDownloadContext,919>[center] [range] play strategy, range control, off = 1228800, size = 307200, blockFlag = 1, pieceSize = 0, minRangeSize = 0, jitterBufMin = 0, abrReadEndOff = -1
2026-06-03 11:17:40.754 27697-27697 LoadedApk               com.transsion.plat.appupdate         I  No resource references to update in package com.transsion.theme.icon
2026-06-03 11:17:40.778 27210-27398 VoltflowHttp            com.android.voltflow                 D  REQUEST: https://tqvemfaxqiisxvjhrxta.supabase.co/rest/v1/payment_methods?user_id=eq.65e95c38-efe8-4c52-91e5-6163ed4662cd&select=%2A&order=is_default.desc%2Ccreated_at.desc
                                                                                                    METHOD: HttpMethod(value=GET)
2026-06-03 11:17:40.809 27861-27861 ProcessUtil             com...gle.android.inputmethod.latin  I  ProcessUtil.getSimpleProcessNameInternal():240 getSimpleProcessNameInternal: processName=com.google.android.inputmethod.latin, simpleProcessName=
2026-06-03 11:17:40.809 27646-27646 CheckTime               com.whatsapp                         W  App running slow: Executing com.google.firebase.iid.FirebaseInstanceIdReceiver scheduleReceive took 1437ms
2026-06-03 11:17:40.810 27861-27861 MetricsManager          com...gle.android.inputmethod.latin  I  MetricsManager.startCaching():455 Start caching metrics.
2026-06-03 11:17:40.811  1082-4688  ActivityManager         system_server                        I  isUserAMonkey mUserIsMonkey = false
2026-06-03 11:17:40.816 27861-27902 Compatibil...geReporter com...gle.android.inputmethod.latin  D  Compat change id reported: 183155436; UID 10137; state: ENABLED
2026-06-03 11:17:40.821 27812-27812 nativeloader            com.android.vending                  D  Load libframework-connectivity-jni.so using APEX ns com_android_tethering for caller /apex/com.android.tethering/javalib/framework-connectivity.jar: ok
2026-06-03 11:17:40.826 27812-27812 GraphicsEnvironment     com.android.vending                  V  Currently set values for:
2026-06-03 11:17:40.827 27812-27812 GraphicsEnvironment     com.android.vending                  V    angle_gl_driver_selection_pkgs=[]
2026-06-03 11:17:40.827 27812-27812 GraphicsEnvironment     com.android.vending                  V    angle_gl_driver_selection_values=[]
2026-06-03 11:17:40.828 27812-27812 GraphicsEnvironment     com.android.vending                  V  ANGLE GameManagerService for com.android.vending: false
2026-06-03 11:17:40.828 27812-27812 GraphicsEnvironment     com.android.vending                  V  com.android.vending is not listed in per-application setting
2026-06-03 11:17:40.828 27812-27812 GraphicsEnvironment     com.android.vending                  V  Neither updatable production driver nor prerelease driver is supported.
2026-06-03 11:17:40.860 27210-27396 SyncFlow                com.android.voltflow                 D  Realtime: Subscriptions active
2026-06-03 11:17:40.878 27861-27898 AccessibilityUtils      com...gle.android.inputmethod.latin  I  AccessibilityUtils.registerContentObserver():464 Register content observer to setting uri content://settings/system/font_scale
2026-06-03 11:17:40.885 27646-27646 com.whatsapp            com.whatsapp                         W  type=1400 audit(0.0:99521): avc:  granted  { execute } for  comm=486967682050726920576F726B6572 path="/data/data/com.whatsapp/files/decompressed/libs.spo/libar-bundle3.so" dev="dm-62" ino=284450 scontext=u:r:untrusted_app:s0:c17,c257,c512,c768 tcontext=u:object_r:app_data_file:s0:c17,c257,c512,c768 tclass=file app=com.whatsapp
2026-06-03 11:17:40.889 27861-27898 AccessibilityUtils      com...gle.android.inputmethod.latin  I  AccessibilityUtils.registerContentObserver():464 Register content observer to setting uri content://settings/secure/high_text_contrast_enabled
2026-06-03 11:17:40.895 27812-27812 LoadedApk               com.android.vending                  I  No resource references to update in package com.transsion.theme.icon
2026-06-03 11:17:40.930  1082-6302  Compatibil...geReporter system_server                        D  Compat change id reported: 161145287; UID 10137; state: ENABLED
2026-06-03 11:17:40.931  1082-6302  BroadcastQueue          system_server                        V  Enqueuing BroadcastRecord{d77e8 android.net.conn.CONNECTIVITY_CHANGE/u-1} from uid -1 pid -1 for 1 receivers
2026-06-03 11:17:40.931  1082-1136  BroadcastQueue          system_server                        D  Skip update running list, mRunnableHead=BroadcastProcessQueue{6c22389 1082:system/1000} Max running broadcast queue size is 3 current is 2 usedExtra is 1
2026-06-03 11:17:40.932 27861-27920 DeviceStatusMonitor     com...gle.android.inputmethod.latin  I  DeviceStatusMonitor.updateCountryInfo():151 updateCountryInfo(), notifyAnyway = true
2026-06-03 11:17:40.952 13888-13888 StatusBarIconController com.android.systemui                 D  ignoring old pipeline callbacks, because the new mobile icons are enabled
2026-06-03 11:17:40.958 27812-27812 Finsky                  com.android.vending                  I  [2] Process created at version: 51.6.23-31 [0] [PR] 922927408
2026-06-03 11:17:40.959 27646-27911 nativeloader            com.whatsapp                         D  Load /data/data/com.whatsapp/files/decompressed/libs.spo/libar-bundle3.so using class loader ns clns-5 (caller=/data/app/~~1IyiKARcMMUeuI7oWZTe5A==/com.whatsapp-OlPUeVvoyuVbC5zPmDEYmg==/base.apk): ok
2026-06-03 11:17:40.962 27861-27861 DeviceLockTags          com...gle.android.inputmethod.latin  I  DeviceLockTags.notifyDeviceLockStatusChanged():108 notifyDeviceLockStatusChanged(): deviceLocked=false, blockPersonalData=false
2026-06-03 11:17:40.963 13888-13888 StatusBarIconController com.android.systemui                 D  ignoring old pipeline callbacks, because the new mobile icons are enabled
2026-06-03 11:17:40.963 13888-13888 Choreographer           com.android.systemui                 I  Skipped 56 frames!  The application may be doing too much work on its main thread.
2026-06-03 11:17:40.969  1082-3946  CompetitionModeConfig   system_server                        D  sys.apm.competition_mode_config is not support!
2026-06-03 11:17:40.972  1448-1448  ImsConfigImpl           com.spreadtrum.ims                   D  handleMessage what:105 msg.obj:null
2026-06-03 11:17:40.972  1448-1448  ImsConfigImpl           com.spreadtrum.ims                   I  EVENT_VOLTE_CALL_DEFINED_MEDIA_TYPE ->resolutionConfig:-1
2026-06-03 11:17:40.973  1448-1448  ImsConfigImpl           com.spreadtrum.ims                   I  EVENT_VOLTE_CALL_DEFINED_MEDIA_TYPE ->resolution = 2
2026-06-03 11:17:40.975 27646-27911 nativeloader            com.whatsapp                         D  Load /data/data/com.whatsapp/files/decompressed/libs.spo/libfortify.so using class loader ns clns-5 (caller=/data/app/~~1IyiKARcMMUeuI7oWZTe5A==/com.whatsapp-OlPUeVvoyuVbC5zPmDEYmg==/base.apk): ok
2026-06-03 11:17:40.969 27646-27646 com.whatsapp            com.whatsapp                         W  type=1400 audit(0.0:99522): avc:  granted  { execute } for  comm=486967682050726920576F726B6572 path="/data/data/com.whatsapp/files/decompressed/libs.spo/libfortify.so" dev="dm-62" ino=211163 scontext=u:r:untrusted_app:s0:c17,c257,c512,c768 tcontext=u:object_r:app_data_file:s0:c17,c257,c512,c768 tclass=file app=com.whatsapp
2026-06-03 11:17:40.985  1082-1770  PowerController.RecogA  system_server                        D  packageName:com.google.android.gms mFgEvent:APP_COMPONENT_USED mLastTimeFgEventChanged:213049897 mLastLaunchTime:121720160 mProcState:PROCESS_STATE_CACHED_EMPTY mLastTimeProcStateChanged:0 mNotificationState:0 mLastTimeNotificationStateChanged:0 mAudioState:0 mLastTimeAudioStateChanged:0 mRequestGps:true mAvoidConstraintGps:false mBehaviorType:0 mScreenOn:true mLastTimeScreenStateChanged:210531830 mLastBgTime:121723134 mFgDuration:33074 mAudioDuration:0 mBgAudioDuration:0 mHasNoClearNotificationWhenNavi:false
2026-06-03 11:17:40.986  1082-3946  Compatibil...geReporter system_server                        D  Compat change id reported: 261072174; UID 10273; state: ENABLED
2026-06-03 11:17:40.987  1082-3946  ProcessStats            system_server                        W  Tracking association SourceState{aa05c39 com.transsnet.store/10121 BFgs #506555} whose proc state 4 is better than process ProcessState{f9a0367 com.google.android.gms/10122 pkg=com.google.android.gms} proc state 14 (186 skipped)
2026-06-03 11:17:40.995 27861-27861 OemConfigs              com...gle.android.inputmethod.latin  I  OemConfigs.<init>():150 OEM configs apply status: 1
2026-06-03 11:17:40.997 27861-27861 LatinApp                com...gle.android.inputmethod.latin  I  LatinApp.initialize():164 initialize()
2026-06-03 11:17:41.001 27646-27646 com.whatsapp            com.whatsapp                         W  type=1400 audit(0.0:99523): avc:  granted  { execute } for  comm=486967682050726920576F726B6572 path="/data/data/com.whatsapp/files/decompressed/libs.spo/libpytorch.so" dev="dm-62" ino=281876 scontext=u:r:untrusted_app:s0:c17,c257,c512,c768 tcontext=u:object_r:app_data_file:s0:c17,c257,c512,c768 tclass=file app=com.whatsapp
2026-06-03 11:17:41.007 27861-27920 DeviceStatusMonitor     com...gle.android.inputmethod.latin  I  DeviceStatusMonitor.notifyIfNetworkChanged():197 notifyIfNetworkChanged: newState = NON_METERED, airplaneModeOn = false, notifyAnyway = true
2026-06-03 11:17:41.020 27812-27929 Finsky                  com.android.vending                  W  [241] Failed to get the task info for cold start.
2026-06-03 11:17:41.020 27812-27929 Finsky                  com.android.vending                  I  [241] Process started for unknown session.
2026-06-03 11:17:41.035 27812-27926 Finsky                  com.android.vending                  I  [238] Finished reading experiment flags from file [0tGUNCGIkbk4o6-fQ335kUYSKwVj4lusnHT-A5Dsy08] numFlags=2365.
2026-06-03 11:17:41.045 27812-27927 Finsky                  com.android.vending                  I  [239] Finished reading experiment flags from file [Se-xCc4LzNyh3UrKMIU2sUf-PUKz4oQEbpKZDMuaFno] numFlags=2002.
2026-06-03 11:17:41.050 27812-27928 Finsky                  com.android.vending                  I  [240] Finished reading experiment flags from file [7eGptTEI6Wd_NLLwEXenfKCp61fNNYmXzHcH3OJRe7E] numFlags=2017.
2026-06-03 11:17:41.050 27861-27861 nativeloader            com...gle.android.inputmethod.latin  D  Load /data/app/~~nUbgvzM36FVD-sl1Fye8xQ==/com.google.android.inputmethod.latin-_9ZenWEskXqny-78sweAfQ==/base.apk!/lib/armeabi-v7a/libjni_signalinitializer.so using class loader ns clns-4 (caller=/data/app/~~nUbgvzM36FVD-sl1Fye8xQ==/com.google.android.inputmethod.latin-_9ZenWEskXqny-78sweAfQ==/base.apk): ok
2026-06-03 11:17:41.050 27861-27861 NativeLibHelper         com...gle.android.inputmethod.latin  I  NativeLibHelper.loadLibrary():209 Loaded native library:jni_signalinitializer (result=true)
2026-06-03 11:17:41.078   605-727   DPUModule               and...graphics.composer@2.4-service  I  DpuR5P0::checkLayerFormat <149>: checkLayerFormat: Format(1)
2026-06-03 11:17:41.078   605-727   DPUModule               and...graphics.composer@2.4-service  I  DpuR5P0::checkTransform <44>: checkTransform: Transform(0), SRCRect(0,0)
2026-06-03 11:17:41.078   605-727   DPUModule               and...graphics.composer@2.4-service  I  DpuR5P0::checkAFBCBlockSize <105>: checkAFBCBlockSize: compressed(1),format(1), pitch(720), vstride(1616)
2026-06-03 11:17:41.078   605-727   DPUModule               and...graphics.composer@2.4-service  I  DpuR5P0::checkLayerFormat <149>: checkLayerFormat: Format(1)
2026-06-03 11:17:41.078   605-727   DPUModule               and...graphics.composer@2.4-service  I  DpuR5P0::checkTransform <44>: checkTransform: Transform(0), SRCRect(0,0)
2026-06-03 11:17:41.078   605-727   DPUModule               and...graphics.composer@2.4-service  I  DpuR5P0::checkAFBCBlockSize <105>: checkAFBCBlockSize: compressed(1),format(1), pitch(720), vstride(80)
2026-06-03 11:17:41.078   605-727   DPUModule               and...graphics.composer@2.4-service  I  DpuR5P0::checkLayerFormat <149>: checkLayerFormat: Format(1)
2026-06-03 11:17:41.078   605-727   DPUModule               and...graphics.composer@2.4-service  I  DpuR5P0::checkTransform <44>: checkTransform: Transform(0), SRCRect(0,0)
2026-06-03 11:17:41.078   605-727   DPUModule               and...graphics.composer@2.4-service  I  DpuR5P0::checkAFBCBlockSize <105>: checkAFBCBlockSize: compressed(1),format(1), pitch(720), vstride(80)
2026-06-03 11:17:41.078   605-727   DPUModule               and...graphics.composer@2.4-service  D  [] support: 0
2026-06-03 11:17:41.087 13888-15596 BLASTBufferQueue        com.android.systemui                 D  [VRI[StatusBar]#3](f:0,a:3) PendingRelease=2, PendingBuffersToHold=1, SyncedFrameNumbers=0, lacfnr:14240, lapfnr:14240
2026-06-03 11:17:41.087 13888-15596 BLASTBufferQueue        com.android.systemui                 D  [VRI[StatusBar]#3](f:0,a:2) PendingRelease=1, PendingBuffersToHold=1, SyncedFrameNumbers=0, lacfnr:14240, lapfnr:14240
2026-06-03 11:17:41.088  1082-6302  AlarmManagerService     system_server                        D  set alarm to kernel: 213407.373000000, type=2 
2026-06-03 11:17:41.088  1082-6302  AlarmManagerService     system_server                        D  set alarm to kernel: 213057.367000000, type=3 
2026-06-03 11:17:41.090  1082-6302  Compatibil...geReporter system_server                        D  Compat change id reported: 161145287; UID 10127; state: ENABLED
2026-06-03 11:17:41.097 27861-27924 CrossProfi...references com...gle.android.inputmethod.latin  I  CrossProfileSharedPreferences.initializeCrossProfile():122 work profile is unavailable
2026-06-03 11:17:41.100 13888-13888 StatusBarIconController com.android.systemui                 D  ignoring old pipeline callbacks, because the new mobile icons are enabled
2026-06-03 11:17:41.100 13888-13888 StatusBarIconController com.android.systemui                 D  ignoring old pipeline callbacks, because the new mobile icons are enabled
2026-06-03 11:17:41.115 13888-15596 OpenGLRenderer          com.android.systemui                 I  Davey! duration=1044ms; Flags=0, FrameTimelineVsyncId=21426504, IntendedVsync=132640173290467, Vsync=132641105816243, InputEventId=0, HandleInputStart=132641108972434, AnimationStart=132641108974242, PerformTraversalsStart=132641109246203, DrawStart=132641111928742, FrameDeadline=132640189957134, FrameInterval=132641108513280, FrameStartTime=16652246, SyncQueued=132641140447588, SyncStart=132641144787434, IssueDrawCommandsStart=132641154447473, SwapBuffers=132641218104742, FrameCompleted=132641221664511, DequeueBufferDuration=264154, QueueBufferDuration=2573692, GpuCompleted=132641218104742, SwapBuffersCompleted=132641221664511, DisplayPresentTime=132385125900540, CommandSubmissionCompleted=132641218104742, 
2026-06-03 11:17:41.141 27646-27911 nativeloader            com.whatsapp                         D  Load /data/data/com.whatsapp/files/decompressed/libs.spo/libpytorch.so using class loader ns clns-5 (caller=/data/app/~~1IyiKARcMMUeuI7oWZTe5A==/com.whatsapp-OlPUeVvoyuVbC5zPmDEYmg==/base.apk): ok
2026-06-03 11:17:41.153 27861-27861 ModuleManager           com...gle.android.inputmethod.latin  I  ModuleManager.<init>():173 ModuleManager is created on process com.google.android.inputmethod.latin
2026-06-03 11:17:41.165  1082-1980  AlarmManagerService     system_server                        D  set alarm to kernel: 213407.373000000, type=2 
2026-06-03 11:17:41.165  1082-1980  AlarmManagerService     system_server                        D  set alarm to kernel: 213057.367000000, type=3 
2026-06-03 11:17:41.161 27646-27646 com.whatsapp            com.whatsapp                         W  type=1400 audit(0.0:99524): avc:  granted  { execute } for  comm=486967682050726920576F726B6572 path="/data/data/com.whatsapp/files/decompressed/libs.spo/libexecutorch.so" dev="dm-62" ino=284498 scontext=u:r:untrusted_app:s0:c17,c257,c512,c768 tcontext=u:object_r:app_data_file:s0:c17,c257,c512,c768 tclass=file app=com.whatsapp
2026-06-03 11:17:41.166 27861-27861 ModuleManager           com...gle.android.inputmethod.latin  W  ModuleManager.initModules():290 lui is forbidden by min_api_level (28) or max_api_level (28): 34
2026-06-03 11:17:41.168  1082-1980  CompetitionModeConfig   system_server                        D  sys.apm.competition_mode_config is not support!
2026-06-03 11:17:41.175 27812-27937 nativeloader            com.android.vending                  D  Load /data/app/~~gama-KPdsUq9Drb3uNeovw==/com.android.vending-GraPUmWyvuwWYl4B0NcHgg==/split_config.armeabi_v7a.apk!/lib/armeabi-v7a/libmappedcountercacheversionjni.so using class loader ns clns-5 (caller=/data/app/~~gama-KPdsUq9Drb3uNeovw==/com.android.vending-GraPUmWyvuwWYl4B0NcHgg==/base.apk): ok
2026-06-03 11:17:41.181 27861-27861 ModuleManager           com...gle.android.inputmethod.latin  I  ModuleManager.initModules():304 fja is forbidden by device ram size 1785 MB
2026-06-03 11:17:41.185 27861-27861 ModuleManager           com...gle.android.inputmethod.latin  W  ModuleManager.initModules():290 lhn is forbidden by min_api_level (36) or max_api_level (2147483647): 34
2026-06-03 11:17:41.188 27861-27861 ProcessUtil             com...gle.android.inputmethod.latin  I  ProcessUtil.isSecondaryProcess():101 Not secondary process train. Process name: com.google.android.inputmethod.latin, simple process name: 
2026-06-03 11:17:41.188 27861-27861 ModuleManager           com...gle.android.inputmethod.latin  I  ModuleManager.initModules():280 ixk is forbidden to run on current process
2026-06-03 11:17:41.188 27861-27861 DeviceModeNotification  com...gle.android.inputmethod.latin  I  DeviceModeNotification.getCurrentDeviceMode():75 device mode is unknown before initializing the notification.
2026-06-03 11:17:41.198 27861-27861 Module                  com...gle.android.inputmethod.latin  I  FlagPersistModuleProvider$Module.onCreate():108 
2026-06-03 11:17:41.199 27210-27907 VoltflowHttp            com.android.voltflow                 D  RESPONSE: 200 
                                                                                                    METHOD: HttpMethod(value=GET)
                                                                                                    FROM: https://tqvemfaxqiisxvjhrxta.supabase.co/rest/v1/autopay_settings?user_id=eq.65e95c38-efe8-4c52-91e5-6163ed4662cd&select=%2A
2026-06-03 11:17:41.200 27646-27911 libc                    com.whatsapp                         W  Access denied finding property "ro.hardware.chipname"
2026-06-03 11:17:41.204 27861-27945 Module                  com...gle.android.inputmethod.latin  I  FlagHermeticOverrideModuleProvider$Module.onCreate():67 
2026-06-03 11:17:41.226 27861-27861 DeviceModeNotification  com...gle.android.inputmethod.latin  I  DeviceModeNotification.getCurrentDeviceMode():75 device mode is unknown before initializing the notification.
2026-06-03 11:17:41.228 27646-27911 nativeloader            com.whatsapp                         D  Load /data/data/com.whatsapp/files/decompressed/libs.spo/libexecutorch.so using class loader ns clns-5 (caller=/data/app/~~1IyiKARcMMUeuI7oWZTe5A==/com.whatsapp-OlPUeVvoyuVbC5zPmDEYmg==/base.apk): ok
2026-06-03 11:17:41.229  1082-1980  BroadcastQueue          system_server                        D  Receiver ResolveInfo{8360c4 com.whatsapp/com.google.firebase.iid.FirebaseInstanceIdReceiver m=0x108000 userHandle=UserHandle{0}} finished with BroadcastRecord{3bfa327 com.google.android.c2dm.intent.RECEIVE/u0} took 1892ms
2026-06-03 11:17:41.252 27861-27953 SuperpacksManagerImpl   com...gle.android.inputmethod.latin  I  SuperpacksManagerImpl.initializeInternal():466 initializeInternal()
2026-06-03 11:17:41.274 27210-27907 VoltflowHttp            com.android.voltflow                 D  RESPONSE: 200 
                                                                                                    METHOD: HttpMethod(value=GET)
                                                                                                    FROM: https://tqvemfaxqiisxvjhrxta.supabase.co/rest/v1/bills?user_id=eq.65e95c38-efe8-4c52-91e5-6163ed4662cd&select=%2A&order=created_at.desc
2026-06-03 11:17:41.288 27861-27861 DeviceModeModule        com...gle.android.inputmethod.latin  I  DeviceModeModule.calculateAndNotify():198 Window metrics is not available, fallback to app context.
2026-06-03 11:17:41.299 27861-27955 DeviceModeNotification  com...gle.android.inputmethod.latin  I  DeviceModeNotification.getCurrentDeviceMode():75 device mode is unknown before initializing the notification.
2026-06-03 11:17:41.319 27861-27861 DeviceModeModule        com...gle.android.inputmethod.latin  I  DeviceModeModule.calculateAndNotify():219 Failed to get context from InputMethodServiceHelper (Fix with AI)
                                                                                                    java.lang.IllegalStateException: No context when service is unavailable
                                                                                                    	at jzl.aa(PG:5)
                                                                                                    	at jzn.aa(PG:3)
                                                                                                    	at ixj.c(PG:268)
                                                                                                    	at ixi.b(PG:73)
                                                                                                    	at lrd.c(PG:16)
                                                                                                    	at lrd.ir(PG:3)
                                                                                                    	at kpb.run(PG:176)
                                                                                                    	at qpr.execute(PG:1)
                                                                                                    	at ldj.b(PG:14)
                                                                                                    	at ldm.g(PG:135)
                                                                                                    	at ldm.f(PG:7)
                                                                                                    	at lrd.e(PG:7)
                                                                                                    	at ixj.d(PG:106)
                                                                                                    	at ixj.jP(PG:1)
                                                                                                    	at com.google.android.libraries.inputmethod.module.ModuleManager$ModuleInfo.createModuleInternal(PG:40)
                                                                                                    	at com.google.android.libraries.inputmethod.module.ModuleManager$ModuleInfo.$r8$lambda$JTVyRN8OVBHjA2opYeGIVpVnjUA(PG:1)
                                                                                                    	at gbf.call(PG:16)
                                                                                                    	at java.util.concurrent.FutureTask.run(FutureTask.java:317)
                                                                                                    	at inq.execute(PG:12)
                                                                                                    	at com.google.android.libraries.inputmethod.module.ModuleManager$ModuleInfo.loadModuleAsync(PG:21)
                                                                                                    	at com.google.android.libraries.inputmethod.module.ModuleManager$ModuleInitListener.maybeLoadModule(PG:28)
                                                                                                    	at com.google.android.libraries.inputmethod.module.ModuleManager$ModuleInitListener.-$$Nest$mmaybeLoadModule(PG:1)
                                                                                                    	at com.google.android.libraries.inputmethod.module.ModuleManager.j(PG:91)
                                                                                                    	at com.google.android.libraries.inputmethod.module.ModuleManager.g(PG:24)
                                                                                                    	at kwa.run(PG:350)
                                                                                                    	at lda.c(PG:10)
                                                                                                    	at ldc.ir(PG:33)
                                                                                                    	at kpb.run(PG:176)
                                                                                                    	at inq.execute(PG:12)
                                                                                                    	at ldj.b(PG:14)
                                                                                                    	at ldm.m(PG:95)
