                                                                                                    	at ldm.l(PG:33)
                                                                                                    	at idj.onCreate(PG:2695)
                                                                                                    	at cpl.onCreate(PG:46)
                                                                                                    	at android.app.Instrumentation.callApplicationOnCreate(Instrumentation.java:1320)
                                                                                                    	at android.app.ActivityThread.handleBindApplication(ActivityThread.java:7249)
                                                                                                    	at android.app.ActivityThread.-$$Nest$mhandleBindApplication(Unknown Source:0)
                                                                                                    	at android.app.ActivityThread$H.handleMessage(ActivityThread.java:2366)
                                                                                                    	at android.os.Handler.dispatchMessage(Handler.java:106)
                                                                                                    	at android.os.Looper.loopOnce(Looper.java:205)
                                                                                                    	at android.os.Looper.loop(Looper.java:294)
                                                                                                    	at android.app.ActivityThread.main(ActivityThread.java:8500)
                                                                                                    	at java.lang.reflect.Method.invoke(Native Method)
                                                                                                    	at com.android.internal.os.RuntimeInit$MethodAndArgsCaller.run(RuntimeInit.java:640)
                                                                                                    	at com.android.internal.os.ZygoteInit.main(ZygoteInit.java:1026)
2026-06-03 11:17:41.319 27210-27500 VoltflowHttp            com.android.voltflow                 D  RESPONSE: 200 
                                                                                                    METHOD: HttpMethod(value=GET)
                                                                                                    FROM: https://tqvemfaxqiisxvjhrxta.supabase.co/rest/v1/usage?user_id=eq.65e95c38-efe8-4c52-91e5-6163ed4662cd&select=%2A
2026-06-03 11:17:41.323 27861-27955 DeviceModeNotification  com...gle.android.inputmethod.latin  I  DeviceModeNotification.getCurrentDeviceMode():75 device mode is unknown before initializing the notification.
2026-06-03 11:17:41.323 27861-27955 DeviceModeNotification  com...gle.android.inputmethod.latin  I  DeviceModeNotification.getCurrentDeviceMode():75 device mode is unknown before initializing the notification.
2026-06-03 11:17:41.331 27861-27955 DeviceModeNotification  com...gle.android.inputmethod.latin  I  DeviceModeNotification.getCurrentDeviceMode():75 device mode is unknown before initializing the notification.
2026-06-03 11:17:41.331 27861-27955 DeviceModeNotification  com...gle.android.inputmethod.latin  I  DeviceModeNotification.getCurrentDeviceMode():75 device mode is unknown before initializing the notification.
2026-06-03 11:17:41.332 27861-27955 DeviceModeNotification  com...gle.android.inputmethod.latin  I  DeviceModeNotification.getCurrentDeviceMode():75 device mode is unknown before initializing the notification.
2026-06-03 11:17:41.339 27210-27396 VoltflowHttp            com.android.voltflow                 D  RESPONSE: 200 
                                                                                                    METHOD: HttpMethod(value=GET)
                                                                                                    FROM: https://tqvemfaxqiisxvjhrxta.supabase.co/rest/v1/payment_methods?user_id=eq.65e95c38-efe8-4c52-91e5-6163ed4662cd&select=%2A&order=is_default.desc%2Ccreated_at.desc
2026-06-03 11:17:41.341 27861-27861 DeviceModeModule        com...gle.android.inputmethod.latin  I  DeviceModeModule.calculateAndNotify():237 Device mode 'phone' from display metrics 'DisplayMetrics{density=0.0, width=720, height=1612, scaledDensity=0.0, xdpi=268.941, ydpi=269.373}' or smallestScreenWidthDp: 424
2026-06-03 11:17:41.342 27861-27861 InputMethodEntryManager com...gle.android.inputmethod.latin  I  InputMethodEntryManager.resetLanguages():2804 resetLanguages(): languages=null, conditionName=device
2026-06-03 11:17:41.345 27861-27861 NotificationCenter      com...gle.android.inputmethod.latin  W  NotificationCenter$NotificationQueue.notifyPendingNotificationsOnExecutor():877 Heavy notify work detected on UI thread: [lre->ixi] takes 78ms
2026-06-03 11:17:41.348 27861-27861 ShortcutKe...bleChecker com...gle.android.inputmethod.latin  I  ShortcutKeyAvailableChecker.updateShortcutKeysBlocklist():38 ShortcutKeysBlocklist: 
2026-06-03 11:17:41.373 27812-27812 Finsky                  com.android.vending                  I  [2] Profiling: Starting up (9)
2026-06-03 11:17:41.415   601-30671 bt_vendor               and....bluetooth@1.1-service.unisoc  D  op for BT_VND_OP_LPM_WAKE_SET_STATE
2026-06-03 11:17:41.426 27861-27861 NotificationCenter      com...gle.android.inputmethod.latin  W  NotificationCenter$NotificationQueue.notifyPendingNotificationsOnExecutor():877 Heavy notify work detected on UI thread: [idf->ldb, idf->ldb, idf->ldc, lre->cri] takes 184ms
2026-06-03 11:17:41.435 27861-27924 PreferenceMigrator      com...gle.android.inputmethod.latin  I  PreferenceMigrator.doMigration():65 doMigration()
2026-06-03 11:17:41.436 27812-27928 Finsky                  com.android.vending                  I  [240] ajyz - Registering in memory receiver for android.intent.action.PACKAGE_ADDED and android.intent.action.PACKAGE_REMOVED
2026-06-03 11:17:41.439   314-314   lowmemorykiller         lmkd                                 I  TranMemoryInfo: vmstat time slice: 1083
2026-06-03 11:17:41.439   314-314   lowmemorykiller         lmkd                                 I  TranMemoryInfo: PSI stat: 12, 35.98, 16.73, 18.40, 9.87
2026-06-03 11:17:41.439   314-314   lowmemorykiller         lmkd                                 I  TranMemoryInfo: vmstat: 11639, 156, 41094, 23, 1318674
2026-06-03 11:17:41.440   314-314   lowmemorykiller         lmkd                                 D  TranMemoryInfo: kswapd pgscan_kswapd 1181054657 to 1181122763, pgsteal_kswapd 630628658 to 630669752, stime 1318586 to 1318674.
2026-06-03 11:17:41.440   314-314   lowmemorykiller         lmkd                                 I  TranMemoryInfo: kswapd has been run.
2026-06-03 11:17:41.440   314-314   lowmemorykiller         lmkd                                 I  TranMemoryInfo: kswapd reclaim amount : 41094 pages.
2026-06-03 11:17:41.440   314-314   lowmemorykiller         lmkd                                 I  TranMemoryInfo: kswapd reclaim efficiency : 186 KB/ms.
2026-06-03 11:17:41.448 27861-27953 SuperpacksManagerImpl   com...gle.android.inputmethod.latin  I  SuperpacksManagerImpl.initializeInternal():523 Switched background task scheduler: false
2026-06-03 11:17:41.456 27812-27812 CheckTime               com.android.vending                  W  App running slow: Executing handleBindApplication : callApplicationOnCreate took 542ms
2026-06-03 11:17:41.457  1082-1980  ActivityManager         system_server                        I  Flag disabled. Ignoring finishAttachApplication from uid: 10127. pid: 27812
2026-06-03 11:17:41.465 27861-27919 FirebaseApp             com...gle.android.inputmethod.latin  I  Device unlocked: initializing all Firebase APIs for app [DEFAULT]
2026-06-03 11:17:41.466 27861-27953 WorkManagerHelper       com...gle.android.inputmethod.latin  I  WorkManagerHelper.getWorkManager():97 WorkManager is requested before user unlocked.
2026-06-03 11:17:41.481  1082-1980  CompetitionModeConfig   system_server                        D  sys.apm.competition_mode_config is not support!
2026-06-03 11:17:41.490 27210-27396 VoltflowHttp            com.android.voltflow                 D  RESPONSE: 200 
                                                                                                    METHOD: HttpMethod(value=GET)
                                                                                                    FROM: https://tqvemfaxqiisxvjhrxta.supabase.co/rest/v1/notifications?user_id=eq.65e95c38-efe8-4c52-91e5-6163ed4662cd&select=%2A&order=created_at.desc
2026-06-03 11:17:41.500  1082-1980  ActivityManager         system_server                        D  PROFILE_FROM_SHELL is disabled for ProcessRecord{b6c6b19 0:com.google.process.gservices/u0a122}
2026-06-03 11:17:41.506  1082-1980  Compatibil...geReporter system_server                        D  Compat change id reported: 135634846; UID 10122; state: DISABLED
2026-06-03 11:17:41.507  1082-1137  Compatibil...geReporter system_server                        D  Compat change id reported: 143937733; UID 10122; state: ENABLED
2026-06-03 11:17:41.510 27812-27928 Compatibil...geReporter com.android.vending                  D  Compat change id reported: 183155436; UID 10127; state: ENABLED
2026-06-03 11:17:41.515 27861-27919 Delight5                com...gle.android.inputmethod.latin  I  JniUtil.loadLibrary():30 loadLibrary(): nativeLibraryLoaded=false
2026-06-03 11:17:41.527 27812-27812 Finsky                  com.android.vending                  I  [2] This process start was not selected for Play memory metrics collection.
2026-06-03 11:17:41.539 27861-27861 NotificationCenter      com...gle.android.inputmethod.latin  W  NotificationCenter$NotificationQueue.notifyPendingNotificationsOnExecutor():877 Heavy notify work detected on UI thread: [mda->ldc, idg->ldc, idg->ldb, idg->ldb, ixa->ldb, mfl->ldb, jyi->ldb, jyl->ldb, jyl->ldb] takes 113ms
2026-06-03 11:17:41.540 27861-27861 CheckTime               com...gle.android.inputmethod.latin  W  App running slow: Executing handleBindApplication : callApplicationOnCreate took 753ms
2026-06-03 11:17:41.541  1082-3946  ActivityManager         system_server                        I  Flag disabled. Ignoring finishAttachApplication from uid: 10137. pid: 27861
2026-06-03 11:17:41.562 27861-27924 ThemePrefe...rationUtil com...gle.android.inputmethod.latin  I  ThemePreferenceMigrationUtil.doMigration():19 doMigration.
2026-06-03 11:17:41.562   595-595   Zygote                  pid-595                              D  Forked child process 27972
2026-06-03 11:17:41.563  1082-1137  ActivityManager         system_server                        W  Slow operation: 63ms so far, now at startProcess: returned from zygote!
2026-06-03 11:17:41.563  1082-1137  ActivityManager         system_server                        W  Slow operation: 64ms so far, now at startProcess: done updating battery stats
2026-06-03 11:17:41.564  1082-1137  ActivityManager         system_server                        W  Slow operation: 64ms so far, now at startProcess: building log message
2026-06-03 11:17:41.564  1082-1137  ActivityManager         system_server                        I  Start proc 27972:com.google.process.gservices/u0a122 for content provider {com.google.android.gsf/com.google.android.gsf.gservices.GservicesProvider}
2026-06-03 11:17:41.564  1082-1137  ActivityManager         system_server                        W  Slow operation: 64ms so far, now at startProcess: starting to update pids map
2026-06-03 11:17:41.566  1082-1137  ActivityManager         system_server                        W  Slow operation: 66ms so far, now at startProcess: done updating pids map
2026-06-03 11:17:41.575 27861-27924 LatinApp                com...gle.android.inputmethod.latin  I  LatinApp.getWorkManagerConfiguration():138 Customized configuration for Hilt WorkManager
2026-06-03 11:17:41.575 27812-27812 Finsky                  com.android.vending                  W  [2] VerifyApps: Attempting to count before initializing VerifierMetrics
2026-06-03 11:17:41.591 27812-27812 Settings                com.android.vending                  W  Setting download_manager_max_bytes_over_mobile has moved from android.provider.Settings.Secure to android.provider.Settings.Global.
2026-06-03 11:17:41.594 27812-27812 Finsky                  com.android.vending                  I  [2] SettingNotFoundException, fall through to G.downloadBytesOverMobileMaximum
2026-06-03 11:17:41.594 27812-27812 Settings                com.android.vending                  W  Setting download_manager_recommended_max_bytes_over_mobile has moved from android.provider.Settings.Secure to android.provider.Settings.Global.
2026-06-03 11:17:41.597 27812-27812 Finsky                  com.android.vending                  I  [2] SettingNotFoundException, fall through to G.downloadBytesOverMobileRecommended
2026-06-03 11:17:41.599 27861-27957 HttpFlagsLoader         com...gle.android.inputmethod.latin  I  HTTP flags log line (API): Using live production flag values from Google
2026-06-03 11:17:41.600  1082-1113  DisplayManagerService   system_server                        D  Drop pending events for gone uid 10273
2026-06-03 11:17:41.600  1082-1246  DeviceIdleControllerEx  system_server                        D  packageName: com.whatsapp uid: 10273 is in preset white app list
2026-06-03 11:17:41.600  1082-1853  ActivityManager         system_server                        I  Killing 27646:com.whatsapp/u0a273 (adj 250): MemPressure
2026-06-03 11:17:41.603  1082-1121  TABE-TranT...ponentImpl system_server                        D  Send message to TABE: pkg=com.whatsapp,des=MemPressure
2026-06-03 11:17:41.614  1082-1853  os.Activit...erviceLice system_server                        D  make process inactive com.whatsapp(27646)
2026-06-03 11:17:41.615  1082-1853  ActivityManager         system_server                        W  Scheduling restart of crashed service com.whatsapp/.infra.push.GcmListenerService in 20000ms for start-requested
2026-06-03 11:17:41.615  1082-1853  ActivityManager         system_server                        W  Scheduling restart of crashed service com.whatsapp/.alarmservice.AlarmService in 29999ms for connection
2026-06-03 11:17:41.617  1082-1138  libprocessgroup         system_server                        I  Successfully killed process cgroup uid 10273 pid 27646 in 0ms
2026-06-03 11:17:41.632 27861-27974 EmojiSuperpacksManager  com...gle.android.inputmethod.latin  I  EmojiSuperpacksManager.triggerSync():386 triggerSync(1) : isBundled=false, isUserInitiated=false
2026-06-03 11:17:41.633 27861-27974 EmojiSuperpacksManager  com...gle.android.inputmethod.latin  I  EmojiSuperpacksManager.sync():475 Registering manifest for emoji
2026-06-03 11:17:41.633 27861-27973 EmojiSuperpacksManager  com...gle.android.inputmethod.latin  I  EmojiSuperpacksManager.triggerSync():386 triggerSync(2) : isBundled=false, isUserInitiated=false
2026-06-03 11:17:41.633 27861-27973 EmojiSuperpacksManager  com...gle.android.inputmethod.latin  I  EmojiSuperpacksManager.sync():475 Registering manifest for emoji
2026-06-03 11:17:41.661 27861-27902 nativeloader            com...gle.android.inputmethod.latin  D  Load /data/app/~~nUbgvzM36FVD-sl1Fye8xQ==/com.google.android.inputmethod.latin-_9ZenWEskXqny-78sweAfQ==/base.apk!/lib/armeabi-v7a/libintegrated_shared_object.so using class loader ns clns-4 (caller=/data/app/~~nUbgvzM36FVD-sl1Fye8xQ==/com.google.android.inputmethod.latin-_9ZenWEskXqny-78sweAfQ==/base.apk): ok
2026-06-03 11:17:41.665 27680-27680 TranVersion             com.transsion.batterylab             I  TranVersion static initializer: default = 34.2.7.1
                                                                                                     debug = false, debug_version = 34.2.7.1
2026-06-03 11:17:41.666 27680-27680 libc                    com.transsion.batterylab             W  Access denied finding property "ro.vendor.transched.support"
2026-06-03 11:17:41.661 27680-27680 sion.batterylab         com.transsion.batterylab             W  type=1400 audit(0.0:99525): avc:  denied  { read } for  name="u:object_r:vendor_transched_support_prop:s0" dev="tmpfs" ino=491 scontext=u:r:system_app:s0 tcontext=u:object_r:vendor_transched_support_prop:s0 tclass=file permissive=0
2026-06-03 11:17:41.667 27680-27680 libc                    com.transsion.batterylab             W  Access denied finding property "ro.vendor.powerdata.support"
2026-06-03 11:17:41.678 27861-27968 nativeloader            com...gle.android.inputmethod.latin  D  Load /data/app/~~nUbgvzM36FVD-sl1Fye8xQ==/com.google.android.inputmethod.latin-_9ZenWEskXqny-78sweAfQ==/base.apk!/lib/armeabi-v7a/libnative_crash_handler_jni.so using class loader ns clns-4 (caller=/data/app/~~nUbgvzM36FVD-sl1Fye8xQ==/com.google.android.inputmethod.latin-_9ZenWEskXqny-78sweAfQ==/base.apk): ok
2026-06-03 11:17:41.679 27972-27972 ocess.gservices         pid-27972                            I  Using CollectorTypeCMC GC.
2026-06-03 11:17:41.679 27861-27902 NativeLibHelper         com...gle.android.inputmethod.latin  I  NativeLibHelper.loadLibrary():209 Loaded native library:integrated_shared_object (result=true)
2026-06-03 11:17:41.679 27861-27902 Delight5                com...gle.android.inputmethod.latin  I  JniUtil.loadLibrary():30 loadLibrary(): nativeLibraryLoaded=false
2026-06-03 11:17:41.683 27861-27919 Delight5                com...gle.android.inputmethod.latin  I  JniUtil.loadLibrary():42 Loaded jni_delight5decoder: enablePerfettoNativeTracing=false
2026-06-03 11:17:41.683 27861-27919 native                  com...gle.android.inputmethod.latin  I  I0000 00:00:1780474661.683779   27919 tracing.cc:18] TracingInit: enable perfetto tracing: false
2026-06-03 11:17:41.685 27861-27902 native                  com...gle.android.inputmethod.latin  I  I0000 00:00:1780474661.685818   27902 scoped-profiler.cc:90] signal_log: Initialized signal 41
2026-06-03 11:17:41.686 27861-27902 native                  com...gle.android.inputmethod.latin  I  I0000 00:00:1780474661.685990   27902 scoped-profiler.cc:90] signal_log: Initialized signal 42
2026-06-03 11:17:41.686 27861-27902 native                  com...gle.android.inputmethod.latin  I  I0000 00:00:1780474661.686303   27902 scoped-profiler.cc:90] signal_log: Initialized signal 43
2026-06-03 11:17:41.686 27861-27902 native                  com...gle.android.inputmethod.latin  I  I0000 00:00:1780474661.686364   27902 scoped-profiler.cc:90] signal_log: Initialized signal 44
2026-06-03 11:17:41.686 27861-27902 native                  com...gle.android.inputmethod.latin  I  I0000 00:00:1780474661.686403   27902 scoped-profiler.cc:90] signal_log: Initialized signal 45
2026-06-03 11:17:41.686 27861-27902 native                  com...gle.android.inputmethod.latin  I  I0000 00:00:1780474661.686434   27902 scoped-profiler.cc:90] signal_log: Initialized signal 46
2026-06-03 11:17:41.686 27861-27902 native                  com...gle.android.inputmethod.latin  I  I0000 00:00:1780474661.686501   27902 scoped-profiler.cc:90] signal_log: Initialized signal 47
2026-06-03 11:17:41.686 27861-27902 native                  com...gle.android.inputmethod.latin  I  I0000 00:00:1780474661.686534   27902 scoped-profiler.cc:90] signal_log: Initialized signal 48
2026-06-03 11:17:41.688   595-595   Zygote                  pid-595                              I  Process 27646 exited due to signal 9 (Killed)
2026-06-03 11:17:41.689  1082-3170  ActivityManager         system_server                        V  Got obituary of 27646:com.whatsapp
2026-06-03 11:17:41.695 27861-27902 FileRestoreModule       com...gle.android.inputmethod.latin  I  FileRestoreModule.maybePerformRestore():52 There is no restore app version, skip restore
2026-06-03 11:17:41.697  1373-1373  TranSignal...ponentImpl com.android.phone                    D  [LTE] dbm: -99
2026-06-03 11:17:41.697  1373-1373  TranSignal...ponentImpl com.android.phone                    D  [LTE] dbm: -99
2026-06-03 11:17:41.698 27861-27952 LegacyClearcutAdapter   com...gle.android.inputmethod.latin  W  LegacyClearcutAdapter.run():42 Delegate not ready, dropping metric operation
2026-06-03 11:17:41.701  1082-5186  Hiber/proxyWakeLock     system_server                        I   handleWakeLockDeathlock:137977649PARTIAL_WAKE_LOCK              'wake:com.google.firebase.iid.WakeLockHolder (uid=10273 pid=27646)
2026-06-03 11:17:41.701 27861-27952 LauncherIc...lityModule com...gle.android.inputmethod.latin  I  LauncherIconVisibilityModule.updateLauncherIconVisibility():76 updateLauncherIconVisibility() : Visible = false
2026-06-03 11:17:41.703  1082-1814  ActivityManager         system_server                        D  Skip enqueue broadcast because no receiver with Intent { act=android.intent.action.SIG_STR flg=0x10 (has extras) }
2026-06-03 11:17:41.703  1082-1142  TranSignal...ponentImpl system_server                        D  [LTE] dbm: -99
2026-06-03 11:17:41.707  1373-1636  TranPhoneI...aceManager com.android.phone                    I  MPSTCB - onSignalStrengthsChanged
2026-06-03 11:17:41.707  1373-1636  TranPhoneI...aceManager com.android.phone                    D  [onSignalStrengthsChanged]
2026-06-03 11:17:41.707  1373-1636  TranSmartA...Controller com.android.phone                    D  mDefaultDataSubId = 1  subId = 1
2026-06-03 11:17:41.707  1373-1636  TranSmartA...Controller com.android.phone                    D  mSupport = true  mBwAllocEnable = false mSimReady =true  mScreenOn =true
2026-06-03 11:17:41.707  1373-1636  TranSmartA...Controller com.android.phone                    D  mDataAvailable = false  mInService = true  cellSignalStrengthList = [CellSignalStrengthLte: rssi=-51 rsrp=-99 rsrq=-16 rssnr=-11 cqiTableIndex=2147483647 cqi=2147483647 ta=2147483647 level=3 parametersUseForLevel=0]
2026-06-03 11:17:41.710 27680-27680 BatteryLabService       com.transsion.batterylab             D   onStartCommand intent:null
2026-06-03 11:17:41.711  1373-1373  UpLinkDataController    com.android.phone                    D  onSignalStrengthsChanged
2026-06-03 11:17:41.711  1373-7931  UpLinkDataController    com.android.phone                    D  InitialState.processMessage:2
2026-06-03 11:17:41.713 27680-27680 BatteryLabService       com.transsion.batterylab             D  current level == 95, temperature == 352
2026-06-03 11:17:41.713 27680-27680 BatteryLabService       com.transsion.batterylab             D  system is charging
2026-06-03 11:17:41.718  1082-3948  TranCloudEngine_F       system_server                        D  This key = 1006000001 registering.......
2026-06-03 11:17:41.722 27680-27680 BatteryLabService       com.transsion.batterylab             D  current level == 0, temperature == -1
2026-06-03 11:17:41.725 13888-13888 StatusBarIconController com.android.systemui                 D  ignoring old pipeline callbacks, because the new mobile icons are enabled
2026-06-03 11:17:41.728 27812-27812 Finsky                  com.android.vending                  I  [2] VerifyApps: Setup app restrictions monitor
2026-06-03 11:17:41.736 27972-27972 nativeloader            com.google.process.gservices         D  Load libframework-connectivity-tiramisu-jni.so using APEX ns com_android_tethering for caller /apex/com.android.tethering/javalib/framework-connectivity-t.jar: ok
2026-06-03 11:17:41.742  1082-1097  system_server           system_server                        W  Suspending all threads took: 13.038ms
2026-06-03 11:17:41.753 20927-21300 VoDStrategy             com.zhiliaoapp.musically.go          D  <vc_log.cpp,event,121>[center][event] on event, id = 7579546723363079697T1780474596245T53009, key = 3039, value = 2, info = , jsonLog = null
2026-06-03 11:17:41.754 20927-21300 VoDStrategy             com.zhiliaoapp.musically.go          D  <vc_log.cpp,event,121>[center][event] on event, id = 7579546723363079697T1780474596245T53009, key = 3032, value = 6000, info = , jsonLog = null
2026-06-03 11:17:41.754 20927-21300 VoDStrategy             com.zhiliaoapp.musically.go          D  <vc_log.cpp,event,121>[center][event] on event, id = 7579546723363079697T1780474596245T53009, key = 3031, value = 0, info = 1780474661754, jsonLog = null
2026-06-03 11:17:41.754 20927-21300 VoDStrategy             com.zhiliaoapp.musically.go          D  <vc_log.cpp,event,121>[center][event] on event, id = 7579546723363079697T1780474596245T53009, key = 3039, value = 1, info = , jsonLog = null
2026-06-03 11:17:41.754 20927-23974 VoDStrategy             com.zhiliaoapp.musically.go          D  <vc_log.cpp,event,121>[center][event] on event, id = 7579546723363079697T1780474596245T53009, key = 3032, value = 6000, info = , jsonLog = null
2026-06-03 11:17:41.754 20927-23974 VoDStrategy             com.zhiliaoapp.musically.go          D  <vc_log.cpp,event,121>[center][event] on event, id = 7579546723363079697T1780474596245T53009, key = 3031, value = 0, info = 1780474661754, jsonLog = null
2026-06-03 11:17:41.754 20927-23974 VoDStrategy             com.zhiliaoapp.musically.go          D  <vc_log.cpp,event,121>[center][event] on event, id = 7579546723363079697T1780474596245T53009, key = 3005, value = 403, info = , jsonLog = []
2026-06-03 11:17:41.754 20927-23974 VoDStrategy             com.zhiliaoapp.musically.go          D  <vc_log.cpp,event,121>[center][event] on event, id = 7635908550254005535, key = 2500, value = 2, info = 1780474661754, jsonLog = null
2026-06-03 11:17:41.754 20927-23974 VoDStrategy             com.zhiliaoapp.musically.go          D  <vc_log.cpp,event,121>[center][event] on event, id = 7579546723363079697T1780474596245T53009, key = 3031, value = 2, info = 1780474661754, jsonLog = null
2026-06-03 11:17:41.754 20927-23974 VoDStrategy             com.zhiliaoapp.musically.go          D  <vc_log.cpp,event,121>[center][event] on event, id = 7579546723363079697T1780474596245T53009, key = 3031, value = 3, info = 1780474661754, jsonLog = null
2026-06-03 11:17:41.754 20927-23974 VoDStrategy             com.zhiliaoapp.musically.go          D  <vc_log.cpp,event,121>[center][event] on event, id = 7579546723363079697T1780474596245T53009, key = 3001, value = 10, info = , jsonLog = null
2026-06-03 11:17:41.755 20927-23974 VoDStrategy             com.zhiliaoapp.musically.go          D  <vc_play_task.cpp,obtainAVMDLDownloadContext,919>[center] [range] play strategy, range control, off = 1228800, size = 307200, blockFlag = 1, pieceSize = 0, minRangeSize = 0, jitterBufMin = 0, abrReadEndOff = -1
2026-06-03 11:17:41.756 27861-27953 SP                      com...gle.android.inputmethod.latin  I  Registering emoji.2026020320, url: https://www.gstatic.com/android/keyboard/modelpack/emoji/20260203200248/superpacks_manifest.zip, constraints: m:*:*:*, flags: fg, requested: 2026020320, current: 2026020320
2026-06-03 11:17:41.756 27861-27953 SP                      com...gle.android.inputmethod.latin  I  Registering emoji.2026020320, url: https://www.gstatic.com/android/keyboard/modelpack/emoji/20260203200248/superpacks_manifest.zip, constraints: m:*:*:*, flags: fg, requested: 2026020320, current: 2026020320
2026-06-03 11:17:41.779 27861-27919 Delight5                com...gle.android.inputmethod.latin  I  JniUtil.loadLibrary():30 loadLibrary(): nativeLibraryLoaded=true
2026-06-03 11:17:41.784 27861-27953 SuperpacksManagerImpl   com...gle.android.inputmethod.latin  I  SuperpacksManagerImpl$3$1.onSuccess():552 emoji.registerManifest() succeeded
2026-06-03 11:17:41.784 27861-27953 SuperpacksManagerImpl   com...gle.android.inputmethod.latin  I  SuperpacksManagerImpl$3$1.onSuccess():552 emoji.registerManifest() succeeded
2026-06-03 11:17:41.786 27861-27957 DynamiteModule          com...gle.android.inputmethod.latin  I  Considering local module com.google.android.gms.cronet_dynamite:0 and remote module com.google.android.gms.cronet_dynamite:4911
2026-06-03 11:17:41.786 27861-27957 DynamiteModule          com...gle.android.inputmethod.latin  I  Selected remote version of com.google.android.gms.cronet_dynamite, version >= 4911
2026-06-03 11:17:41.799 27861-27953 EmojiSlicingStrategy    com...gle.android.inputmethod.latin  E  EmojiSlicingStrategy.getSlices():88 getSlices() : Received null or empty userEnabledLocales.
2026-06-03 11:17:41.800 27861-27953 SP                      com...gle.android.inputmethod.latin  I  Syncing emoji (2026020320) with slices: [], metadata: false
2026-06-03 11:17:41.827 27861-27919 ShortcutsDataManager    com...gle.android.inputmethod.latin  I  ShortcutsDataManager.onContentChanged():72 onContentChanged()
2026-06-03 11:17:41.828 27861-27919 ContactsDataManager     com...gle.android.inputmethod.latin  I  ContactsDataManager.onContentChanged():153 onContentChanged()
2026-06-03 11:17:41.829 27861-27919 EmailDataManager        com...gle.android.inputmethod.latin  I  EmailDataManager.onContentChanged():101 onContentChanged()
2026-06-03 11:17:41.834  1082-3948  CompetitionModeConfig   system_server                        D  sys.apm.competition_mode_config is not support!
2026-06-03 11:17:41.834  1082-1980  CompetitionModeConfig   system_server                        D  sys.apm.competition_mode_config is not support!
2026-06-03 11:17:41.835 27861-27953 EmojiSlicingStrategy    com...gle.android.inputmethod.latin  E  EmojiSlicingStrategy.getSlices():88 getSlices() : Received null or empty userEnabledLocales.
2026-06-03 11:17:41.835 27861-27953 SP                      com...gle.android.inputmethod.latin  I  Syncing emoji (2026020320) with slices: [], metadata: false
2026-06-03 11:17:41.835 27861-27953 SP                      com...gle.android.inputmethod.latin  I  Sync for emoji succeeded in 52 ms: {removed: [499695f3555abd07c061966a36d03052, ee0e9c9a532ecf98f5c546b88ef8fdab], metadata: false
2026-06-03 11:17:41.838 27812-27812 Finsky                  com.android.vending                  I  [2] VerifyApps: Device wide unknown source restriction updated
2026-06-03 11:17:41.851  1082-1814  CompetitionModeConfig   system_server                        D  sys.apm.competition_mode_config is not support!
2026-06-03 11:17:41.856 27861-27861 GoogleInpu...hodService com...gle.android.inputmethod.latin  I  GoogleInputMethodService.onCreate():649 
2026-06-03 11:17:41.866 27861-27957 System                  com...gle.android.inputmethod.latin  W  ClassLoader referenced unknown path: 
2026-06-03 11:17:41.867  1082-1814  CompetitionModeConfig   system_server                        D  sys.apm.competition_mode_config is not support!
2026-06-03 11:17:41.869  1082-1814  BroadcastQueue          system_server                        V  Enqueuing BroadcastRecord{e48caaa com.google.android.finsky.action.UPDATE_SETTINGS_ACTION/u0} from uid 10127 pid 27812 for 1 receivers
2026-06-03 11:17:41.870 27861-27957 nativeloader            com...gle.android.inputmethod.latin  D  Configuring clns-5 for other apk . target_sdk_version=37, uses_libraries=, library_path=/data/app/~~eQDoaESVSyonGNsnoUDQ8A==/com.google.android.gms-TyyAKsM69pbKQGdLu_e84w==/lib/arm:/data/app/~~eQDoaESVSyonGNsnoUDQ8A==/com.google.android.gms-TyyAKsM69pbKQGdLu_e84w==/base.apk!/lib/armeabi-v7a, permitted_path=/data:/mnt/expand:/data/user/0/com.google.android.gms
2026-06-03 11:17:41.883  1082-3946  CompetitionModeConfig   system_server                        D  sys.apm.competition_mode_config is not support!
2026-06-03 11:17:41.885 12050-12050 BoundBrokerSvc          com.google.android.gms.persistent    D  onRebind: Intent { act=com.google.android.gms.auth.aang.events.services.START dat=chimera-action:/... cmp=com.google.android.gms/.chimera.PersistentApiService }
2026-06-03 11:17:41.889  1082-1980  CompetitionModeConfig   system_server                        D  sys.apm.competition_mode_config is not support!
2026-06-03 11:17:41.909 27812-27812 Finsky                  com.android.vending                  I  [2] VerifyApps: Updating ADI Warn Mode activity enabled state
2026-06-03 11:17:41.920  1082-3170  CompetitionModeConfig   system_server                        D  sys.apm.competition_mode_config is not support!
2026-06-03 11:17:41.921  1082-3946  Compatibil...geReporter system_server                        D  Compat change id reported: 168419799; UID 10122; state: DISABLED
2026-06-03 11:17:41.921  1082-3946  Compatibil...geReporter system_server                        D  Compat change id reported: 273564678; UID 10122; state: DISABLED
2026-06-03 11:17:41.921 27812-27956 Finsky                  com.android.vending                  I  [251] VerifyApps: Resolving target for ADI Warn Mode activity
2026-06-03 11:17:41.922 27812-27956 Finsky                  com.android.vending                  I  [251] VerifyApps: Feature flag disabled, ADI Warn Mode activity target not resolved
2026-06-03 11:17:41.932  1082-1814  PackageManager          system_server                        D  Considering set com.android.vending/com.google.android.finsky.verifier.impl.scan.adi.AdiWarnModeTrampolineActivity's state as 0 with userId = 0, callingPackage = com.android.vending:10127
2026-06-03 11:17:41.933 27812-27956 Finsky                  com.android.vending                  I  [251] VerifyApps: Successfully updated the ADI Warn Mode activity to disabled
2026-06-03 11:17:41.940  1082-3946  os.Activit...erviceLice system_server                        D  make process active com.google.process.gservices(27972)
2026-06-03 11:17:41.940  1082-1814  CompetitionModeConfig   system_server                        D  sys.apm.competition_mode_config is not support!
2026-06-03 11:17:41.946  1082-1411  PackageManager          system_server                        D  Considering set com.android.vending/com.google.android.finsky.systemupdateactivity.SystemUpdateActivity's state as 1 with userId = 0, callingPackage = com.android.vending:10127
2026-06-03 11:17:41.946 27812-27956 Finsky                  com.android.vending                  I  [251] SysUA: Set SystemUpdateActivity enabled state to 1
2026-06-03 11:17:41.947 27861-27952 KeyboardModeUtils       com...gle.android.inputmethod.latin  I  KeyboardModeUtils.getKeyboardBottomOffset():435 inch: 0.000000 ydpi: 269.372986 adjustKeyboardBottomByDisplaySize: false currentDensityDpi: 272 defaultDensityDpi: 272 keyboardBottomToScreenPx: 0 keyboardBottomToNavBarPx: 0 navBarHeight: 0
2026-06-03 11:17:41.949 27861-27953 SP                      com...gle.android.inputmethod.latin  I  GC for 'emoji' (10) with ttl of 0 ms took 1 ms (0/1/0)
2026-06-03 11:17:41.949  1082-1980  PackageManager          system_server                        D  Considering set com.android.vending/com.google.android.finsky.hibernation.impl.UnhibernateActivity's state as 1 with userId = 0, callingPackage = com.android.vending:10127
2026-06-03 11:17:41.950 27812-27956 Finsky                  com.android.vending                  I  [251] Set UnhibernateActivity enabled state to 1
2026-06-03 11:17:41.952 27861-27953 SuperpacksManagerImpl   com...gle.android.inputmethod.latin  I  SuperpacksManagerImpl$19.onSyncSuccess():947 emoji.sync() succeeded
2026-06-03 11:17:41.954 27861-27953 SP                      com...gle.android.inputmethod.latin  I  Sync for emoji succeeded in 120 ms: {removed: [499695f3555abd07c061966a36d03052, ee0e9c9a532ecf98f5c546b88ef8fdab], metadata: false
2026-06-03 11:17:41.954 27812-27930 Finsky                  com.android.vending                  I  [242] Enqueuing libraries load for 686244856
2026-06-03 11:17:41.954 27812-27956 Finsky                  com.android.vending                  I  [251] Starting libraries load for 686244856
2026-06-03 11:17:41.976 27861-27861 TranClassInfo           com...gle.android.inputmethod.latin  D  instance successfully. com.transsion.hubcore.app.TranAppImpl@c1da6cf from com.transsion.hubcore.app.ITranApp
2026-06-03 11:17:41.983  1082-1980  PackageManager          system_server                        D  Considering set com.android.vending/com.google.android.finsky.activities.DebugActivity's state as 2 with userId = 0, callingPackage = com.android.vending:10127
2026-06-03 11:17:41.993 27861-27953 SP                      com...gle.android.inputmethod.latin  I  GC for 'emoji' (10) with ttl of 0 ms took 1 ms (0/1/0)
2026-06-03 11:17:41.994  1082-3946  ActivityManager         system_server                        W  Slow operation: 54ms so far, now at finishAttachApplicationInner: after mServices.attachApplicationLocked
2026-06-03 11:17:41.994  1082-3946  ActivityManager         system_server                        W  Slow operation: 54ms so far, now at finishAttachApplicationInner: after dispatching broadcasts
2026-06-03 11:17:41.995  1082-3946  ActivityManager         system_server                        W  Slow operation: 56ms so far, now at finishAttachApplicationInner: after updateOomAdjLocked
2026-06-03 11:17:42.004 27861-27953 SuperpacksManagerImpl   com...gle.android.inputmethod.latin  I  SuperpacksManagerImpl$19.onSyncSuccess():947 emoji.sync() succeeded
2026-06-03 11:17:42.015 27812-27926 Finsky                  com.android.vending                  I  [238] Finished reading experiment flags from file [JwM3mxMKKea_h0fEnxTDJvfoxe59XZEcspuB_we_Nr0] numFlags=2013.
2026-06-03 11:17:42.032 27972-27972 Compatibil...geReporter com.google.process.gservices         D  Compat change id reported: 171979766; UID 10122; state: ENABLED
2026-06-03 11:17:42.032 27972-27972 Compatibil...geReporter com.google.process.gservices         D  Compat change id reported: 242716250; UID 10122; state: ENABLED
2026-06-03 11:17:42.054 27812-27926 Finsky                  com.android.vending                  I  [238] Finished reading experiment flags from file [lZrzm1zN193BI7LUX5AUf2J8SPqrzTE8Nz-Bnx3Lp9c] numFlags=2013.
2026-06-03 11:17:42.059 27680-27680 SmartPowerUtils         com.transsion.batterylab             D  cancelWifiAlarm
2026-06-03 11:17:42.059 27680-27680 wss                     com.transsion.batterylab             D  Wifi Connected, Name:  Big Mama's House
2026-06-03 11:17:42.059 27972-27972 TranClassInfo           com.google.process.gservices         D  instance successfully. com.transsion.hubcore.graphics.TranGraphicImpl@4f75830 from com.transsion.hubcore.graphics.ITranGraphic
2026-06-03 11:17:42.061 27972-27972 os.SingleLiceFactory    com.google.process.gservices         D  instance successfully. com.transsion.typeface.v1.TypefaceLice@229217a from android.graphics.IGraphicLice
2026-06-03 11:17:42.061 27972-27972 os.LiceInfo             com.google.process.gservices         D  instance successfully. com.transsion.graphics.GraphicLice@f4f5ca9 from android.graphics.IGraphicLice
2026-06-03 11:17:42.080 27812-27926 Finsky                  com.android.vending                  I  [238] Finished reading experiment flags from file [zHb0DkHhSraWB6yh_iNIqXw2jY96wS-BFc2N5kyDtpc] numFlags=2013.
2026-06-03 11:17:42.085 27471-27562 nativeloader            com.instagram.android                D  Load /data/data/com.instagram.android/lib-compressed/librtc.so using class loader ns clns-6 (caller=/data/app/~~XtVSZj3KwO9kKc7cmoMuqg==/com.instagram.android-AiLGafk54lrXNIT0qa2u7Q==/base.apk!classes3.dex): ok
2026-06-03 11:17:42.086  1082-3948  CompetitionModeConfig   system_server                        D  sys.apm.competition_mode_config is not support!
2026-06-03 11:17:42.091 27861-27861 TranClassInfo           com...gle.android.inputmethod.latin  D  instance successfully. com.transsion.hubcore.view.TranViewImpl@850cfc5 from com.transsion.hubcore.view.ITranView
2026-06-03 11:17:42.098 27697-27697 FirebaseApp             com.transsion.plat.appupdate         D  com.google.firebase.auth.FirebaseAuth is not linked. Skipping initialization.
2026-06-03 11:17:42.099 27697-27697 FirebaseApp             com.transsion.plat.appupdate         D  com.google.firebase.crash.FirebaseCrash is not linked. Skipping initialization.
2026-06-03 11:17:42.101 27471-27580 runtime-internals       com.instagram.android                D  SuspendAndroid11: Resuming threads.
2026-06-03 11:17:42.103 27471-27661 AppInitScheduler|Run    com.instagram.android                W    Waiting on IgFixieEarlyInitializer for 6916ms...
2026-06-03 11:17:42.103 27471-27661 AppInitScheduler|Run    com.instagram.android                W    Waiting on EarlyCpuBoostInitializer for 6937ms...
2026-06-03 11:17:42.105 27697-27697 FirebaseInitProvider    com.transsion.plat.appupdate         I  FirebaseApp initialization successful
2026-06-03 11:17:42.107 27697-27697 CheckTime               com.transsion.plat.appupdate         W  App running slow: Executing ContentProviderInfo{name=com.transsion.plat.appupdate.firebaseinitprovider className=com.google.firebase.provider.FirebaseInitProvider} onCreate took 1344ms
2026-06-03 11:17:42.119 27812-27926 Finsky                  com.android.vending                  I  [238] Finished reading experiment flags from file [KiWj18e3FipFoWo5us_GTqc13dZ6VrdNE-KGTOm2ywQ] numFlags=2013.
2026-06-03 11:17:42.117 27861-27861 putmethod.latin         com...gle.android.inputmethod.latin  W  type=1400 audit(0.0:99526): avc:  denied  { read } for  name="u:object_r:vendor_transched_support_prop:s0" dev="tmpfs" ino=491 scontext=u:r:untrusted_app:s0:c137,c256,c512,c768 tcontext=u:object_r:vendor_transched_support_prop:s0 tclass=file permissive=0 app=com.google.android.inputmethod.latin
2026-06-03 11:17:42.120 27861-27861 os.SingleLice           com...gle.android.inputmethod.latin  D  instance successfully. com.transsion.dragdrop.v1.DragDropLice@114ad1a from com.transsion.dragdrop.DragDropLiceFactory
2026-06-03 11:17:42.120 27861-27861 os.SingleLiceFactory    com...gle.android.inputmethod.latin  D  instance successfully. com.transsion.dragdrop.v1.DragDropLice@114ad1a from android.view.IViewLice
2026-06-03 11:17:42.120 27861-27861 os.LiceInfo             com...gle.android.inputmethod.latin  D  instance successfully. com.transsion.view.ViewLice@ea7d04b from android.view.IViewLice
2026-06-03 11:17:42.121 27861-27861 TranVersion             com...gle.android.inputmethod.latin  I  TranVersion static initializer: default = 34.2.7.1
                                                                                                     debug = false, debug_version = 34.2.7.1
2026-06-03 11:17:42.121 27861-27861 libc                    com...gle.android.inputmethod.latin  W  Access denied finding property "ro.vendor.transched.support"
2026-06-03 11:17:42.121 27861-27861 libc                    com...gle.android.inputmethod.latin  W  Access denied finding property "ro.vendor.powerdata.support"
2026-06-03 11:17:42.122 27861-27861 TranClassInfo           com...gle.android.inputmethod.latin  D  instance successfully. com.transsion.hubcore.spdopts.magellan.implement.TranMagellanViewComponentImpl@3ecba28 from com.transsion.hubcore.magellan.ITranMagellanViewComponent
2026-06-03 11:17:42.125 27471-27580 runtime-internals       com.instagram.android                V  hooked signal using trap ()
2026-06-03 11:17:42.126 27471-27580 runtime-internals       com.instagram.android                V  hooked sysv_signal using trap ()
2026-06-03 11:17:42.126 27471-27580 runtime-internals       com.instagram.android                V  hooked bsd_signal using trap ()
2026-06-03 11:17:42.127  1082-1980  PackageManager          system_server                        D  Considering set com.android.vending/com.google.android.finsky.systemcomponentupdateui.common.SystemComponentUpdateActivity's state as 0 with userId = 0, callingPackage = com.android.vending:10127
2026-06-03 11:17:42.128 27812-27959 Finsky                  com.android.vending                  I  [252] SysCUA: Set {com.android.vending/com.google.android.finsky.systemcomponentupdateui.common.SystemComponentUpdateActivity} enabled state to 0
2026-06-03 11:17:42.134  5549-5549  BoundBrokerSvc          com.google.android.gms               D  onBind: Intent { act=com.google.android.gms.safetynet.service.START pkg=com.google.android.gms }
2026-06-03 11:17:42.135  5549-5549  BoundBrokerSvc          com.google.android.gms               D  Loading bound service for intent: Intent { act=com.google.android.gms.safetynet.service.START pkg=com.google.android.gms }
2026-06-03 11:17:42.137 27812-27927 Finsky                  com.android.vending                  I  [239] cubesStatesValueStore = [2, 2, 2, 2, 2, 2, 2]
2026-06-03 11:17:42.146 27471-27580 runtime-internals       com.instagram.android                V  hooked sigaction using trap ()
2026-06-03 11:17:42.164 27861-27997 DynamicLan...lOperation com...gle.android.inputmethod.latin  I  DynamicLanguageModelOperation.perform():43 perform() : 20 : dkg : Completed
2026-06-03 11:17:42.170 27861-27861 TranClassInfo           com...gle.android.inputmethod.latin  D  instance successfully. com.transsion.hubcore.internal.TranInternalViewImpl@66750d4 from com.transsion.hubcore.internal.ITranInternalView
2026-06-03 11:17:42.183 27471-27580 MlockOptimization       com.instagram.android                E  mlock 0x96f11000 13942784 failed for 96f11000-97c5d000 r--p 00000000 fe:3e 776204                             /data/app/~~XtVSZj3KwO9kKc7cmoMuqg==/com.instagram.android-AiLGafk54lrXNIT0qa2u7Q==/oat/arm/base.odex
2026-06-03 11:17:42.184 27471-27580 MlockOptimization       com.instagram.android                E  mlock 0x97c5d000 42127360 failed for 97c5d000-9a48a000 r-xp 00d4c000 fe:3e 776204                             /data/app/~~XtVSZj3KwO9kKc7cmoMuqg==/com.instagram.android-AiLGafk54lrXNIT0qa2u7Q==/oat/arm/base.odex
2026-06-03 11:17:42.186 27471-27580 MlockOptimization       com.instagram.android                W  mlock 0x9a48d000 315392 successful for 9a48d000-9a4dd000 r--p 0357c000 fe:3e 776204                             /data/app/~~XtVSZj3KwO9kKc7cmoMuqg==/com.instagram.android-AiLGafk54lrXNIT0qa2u7Q==/oat/arm/base.odex
2026-06-03 11:17:42.187 27861-27861 os.SingleLice           com...gle.android.inputmethod.latin  D  instance successfully. com.transsion.whitenavigation.v1.WhiteNavigationLice@c96327d from com.transsion.whitenavigation.WhiteNavigationLiceFactory
2026-06-03 11:17:42.187 27861-27861 os.SingleLiceFactory    com...gle.android.inputmethod.latin  D  instance successfully. com.transsion.whitenavigation.v1.WhiteNavigationLice@c96327d from com.android.internal.IInternalViewLice
2026-06-03 11:17:42.190 27861-27861 os.SingleLiceFactory    com...gle.android.inputmethod.latin  D  using com.android.internal.IInternalViewLice$DefaultImpl@903c572 instead of com.transsion.screenshothelper.ScreenShotHelperImplLiceFactory  from com.android.internal.IInternalViewLice
2026-06-03 11:17:42.194 27861-27861 os.SingleLiceFactory    com...gle.android.inputmethod.latin  D  using com.android.internal.IInternalViewLice$DefaultImpl@903c572 instead of com.transsion.activityembedding.ActivityEmbeddingLiceFactory  from com.android.internal.IInternalViewLice
2026-06-03 11:17:42.195 27861-27861 os.SingleLiceFactory    com...gle.android.inputmethod.latin  D  using com.android.internal.IInternalViewLice$DefaultImpl@903c572 instead of com.transsion.flamboyant.FlamboyantLiceFactory  from com.android.internal.IInternalViewLice
2026-06-03 11:17:42.195 27861-27861 os.LiceInfo             com...gle.android.inputmethod.latin  D  instance successfully. com.transsion.internal.InternalViewLice@4effdc3 from com.android.internal.IInternalViewLice
2026-06-03 11:17:42.196 27812-27812 CheckTime               com.android.vending                  W  App running slow: Executing com.google.android.finsky.verifier.impl.settings.SingleUserSettingsReceiver scheduleReceive took 320ms
2026-06-03 11:17:42.199 27812-27928 Finsky                  com.android.vending                  I  [240] RECEIVER_SINGLE_USER_SETTINGS#logWorkEndAndFinishGoAsync: SUCCESS
2026-06-03 11:17:42.199 27812-27956 Finsky                  com.android.vending                  I  [251] Loaded library for account: [QmxrvuELS3aLEQyQ64xhevUO2ENkf7AQQh28wSrvmEg]
2026-06-03 11:17:42.200 27812-27956 Finsky                  com.android.vending                  I  [251] Loaded library for account: [2Ub6EaE432igzgYXh93nK83UCivyxBvQ59S--n7IzA0]
2026-06-03 11:17:42.201 27812-27956 Finsky                  com.android.vending                  I  [251] Loaded library for account: [30fBKyk2Vd3Kk_C-6us7SOXeEZMrrSRr-8fqP3blIAI]
2026-06-03 11:17:42.201 27812-27956 Finsky                  com.android.vending                  I  [251] Loaded library for account: [ici_M8jeB4kR5DsJwHLSCJtZHi4OUy5tJSDTHn-kGfI]
2026-06-03 11:17:42.201 27812-27956 Finsky                  com.android.vending                  I  [251] Loaded library for account: [OZbpXXF-hC5TOvXkkgJN9te-fh9nfyQkwAuHnC0xzRA]
2026-06-03 11:17:42.201 27812-27956 Finsky                  com.android.vending                  I  [251] Finished loading 5 libraries.
2026-06-03 11:17:42.252 27861-27861 GoogleInpu...hodService com...gle.android.inputmethod.latin  I  GoogleInputMethodService.onCreate():668 Maybe update OEM display config because of service creation
2026-06-03 11:17:42.263 27972-27972 nativeloader            com.google.process.gservices         D  Configuring clns-shared-4 for other apk /system/framework/org.apache.http.legacy.jar. target_sdk_version=34, uses_libraries=ALL, library_path=/system_ext/priv-app/GoogleServicesFramework/lib/arm:/system_ext/priv-app/GoogleServicesFramework/GoogleServicesFramework.apk!/lib/armeabi-v7a:/system/lib:/system_ext/lib, permitted_path=/data:/mnt/expand:/data/user/0/com.google.android.gsf:/system_ext/priv-app/GoogleServicesFramework:/system/lib:/system_ext/lib
2026-06-03 11:17:42.284 27861-27861 DeviceModeModule        com...gle.android.inputmethod.latin  I  DeviceModeModule.calculateAndNotify():219 Failed to get context from InputMethodServiceHelper (Fix with AI)
